Component: ARM Compiler 5.06 update 6 (build 750) Tool: armlink [4d35ed]

==============================================================================

Section Cross References

    AutoRecharge.o(i.CAN_Send_AutoRecharge) refers to can.o(i.CAN1_Send_Num) for CAN1_Send_Num
    AutoRecharge.o(i.CAN_Send_AutoRecharge) refers to AutoRecharge.o(.data) for .data
    balance.o(i.ARM1) refers to system.o(.data) for Servo_Count
    balance.o(i.ARM2) refers to system.o(.data) for Servo_Count
    balance.o(i.ARM3) refers to balance.o(.data) for .data
    balance.o(i.ARM3) refers to balance.o(.bss) for .bss
    balance.o(i.ARM3) refers to system.o(.data) for Servo_Count
    balance.o(i.ARM_GET1) refers to balance.o(i.ARM1) for ARM1
    balance.o(i.ARM_GET1) refers to balance.o(i.ARM2) for ARM2
    balance.o(i.ARM_GET1) refers to balance.o(i.Step_Motor) for Step_Motor
    balance.o(i.ARM_GET1) refers to balance.o(i.ARM3) for ARM3
    balance.o(i.ARM_GET1) refers to balance.o(.data) for .data
    balance.o(i.ARM_GET2) refers to balance.o(i.ARM1) for ARM1
    balance.o(i.ARM_GET2) refers to balance.o(i.ARM2) for ARM2
    balance.o(i.ARM_GET2) refers to balance.o(i.Step_Motor) for Step_Motor
    balance.o(i.ARM_GET2) refers to balance.o(.data) for .data
    balance.o(i.ARM_GETFIN) refers to balance.o(i.ARM1) for ARM1
    balance.o(i.ARM_GETFIN) refers to balance.o(i.ARM2) for ARM2
    balance.o(i.ARM_GETFIN) refers to balance.o(i.Step_Motor) for Step_Motor
    balance.o(i.ARM_GETFIN) refers to balance.o(.data) for .data
    balance.o(i.ARM_PUT1) refers to balance.o(i.ARM1) for ARM1
    balance.o(i.ARM_PUT1) refers to balance.o(i.ARM2) for ARM2
    balance.o(i.ARM_PUT1) refers to balance.o(i.Step_Motor) for Step_Motor
    balance.o(i.ARM_PUT1) refers to balance.o(.data) for .data
    balance.o(i.ARM_PUT2) refers to balance.o(i.ARM1) for ARM1
    balance.o(i.ARM_PUT2) refers to balance.o(i.ARM2) for ARM2
    balance.o(i.ARM_PUT2) refers to balance.o(i.Step_Motor) for Step_Motor
    balance.o(i.ARM_PUT2) refers to balance.o(i.ARM3) for ARM3
    balance.o(i.ARM_PUT2) refers to balance.o(.data) for .data
    balance.o(i.Balance_task) refers to delay.o(i.getSysTickCnt) for getSysTickCnt
    balance.o(i.Balance_task) refers to tasks.o(i.vTaskDelayUntil) for vTaskDelayUntil
    balance.o(i.Balance_task) refers to balance.o(i.Get_Velocity_Form_Encoder) for Get_Velocity_Form_Encoder
    balance.o(i.Balance_task) refers to balance.o(i.Key) for Key
    balance.o(i.Balance_task) refers to system.o(i.Find_Charging_HardWare) for Find_Charging_HardWare
    balance.o(i.Balance_task) refers to balance.o(i.Drive_Motor) for Drive_Motor
    balance.o(i.Balance_task) refers to balance.o(i.Get_RC) for Get_RC
    balance.o(i.Balance_task) refers to balance.o(i.Turn_Off) for Turn_Off
    balance.o(i.Balance_task) refers to balance.o(i.Set_Pwm) for Set_Pwm
    balance.o(i.Balance_task) refers to balance.o(i.init) for init
    balance.o(i.Balance_task) refers to balance.o(i.PID_YAW) for PID_YAW
    balance.o(i.Balance_task) refers to balance.o(i.PID_Y) for PID_Y
    balance.o(i.Balance_task) refers to balance.o(i.PID_X) for PID_X
    balance.o(i.Balance_task) refers to balance.o(i.PID_VL) for PID_VL
    balance.o(i.Balance_task) refers to balance.o(i.Limit_Pwm) for Limit_Pwm
    balance.o(i.Balance_task) refers to balance.o(i.auto_pwm_clear) for auto_pwm_clear
    balance.o(i.Balance_task) refers to usartx.o(.data) for distance
    balance.o(i.Balance_task) refers to balance.o(.bss) for .bss
    balance.o(i.Balance_task) refers to system.o(.data) for Servo_Count
    balance.o(i.Balance_task) refers to system.o(.bss) for SysVal
    balance.o(i.Balance_task) refers to balance.o(.data) for .data
    balance.o(i.Balance_task) refers to AutoRecharge.o(.data) for Allow_Recharge
    balance.o(i.Balance_task) refers to system.o(.data) for Get_Charging_HardWare
    balance.o(i.Balance_task) refers to system.o(.data) for Check
    balance.o(i.Balance_task) refers to system.o(.data) for Proc_Flag
    balance.o(i.Balance_task) refers to system.o(.data) for Move_Z
    balance.o(i.Balance_task) refers to system.o(.data) for Move_Y
    balance.o(i.Balance_task) refers to system.o(.data) for Move_X
    balance.o(i.Balance_task) refers to system.o(.data) for APP_ON_Flag
    balance.o(i.Balance_task) refers to adc.o(.data) for Voltage
    balance.o(i.Balance_task) refers to system.o(.data) for Flag_Stop
    balance.o(i.Balance_task) refers to usartx.o(.bss) for DIS
    balance.o(i.Balance_task) refers to system.o(.bss) for MOTOR_A
    balance.o(i.Balance_task) refers to system.o(.bss) for MOTOR_B
    balance.o(i.Balance_task) refers to system.o(.bss) for MOTOR_C
    balance.o(i.Balance_task) refers to system.o(.bss) for MOTOR_D
    balance.o(i.Balance_task) refers to system.o(.data) for Car_Mode
    balance.o(i.Balance_task) refers to system.o(.data) for Servo
[...]
    oled_asc2_1608                           0x08010e16   Data        1520  oled.o(.constdata)
    cfont16                                  0x08011406   Data        3434  oled.o(.constdata)
    cfont12                                  0x08012170   Data         598  oled.o(.constdata)
    gImage_usb_bmp                           0x080123c6   Data         512  oled.o(.constdata)
    __mathlib_zero                           0x080126f8   Data           8  qnan.o(.constdata)
    Region$$Table$$Base                      0x08012884   Number         0  anon$$obj.o(Region$$Table)
    Region$$Table$$Limit                     0x080128a4   Number         0  anon$$obj.o(Region$$Table)
    nav_walk                                 0x20000000   Data           1  AutoRecharge.o(.data)
    Allow_Recharge                           0x20000001   Data           1  AutoRecharge.o(.data)
    Charging_Current                         0x20000004   Data           4  AutoRecharge.o(.data)
    Red_Docker_X                             0x20000008   Data           4  AutoRecharge.o(.data)
    Red_Docker_Y                             0x2000000c   Data           4  AutoRecharge.o(.data)
    Red_Docker_Z                             0x20000010   Data           4  AutoRecharge.o(.data)
    Charging                                 0x20000014   Data           1  AutoRecharge.o(.data)
    RED_STATE                                0x20000015   Data           1  AutoRecharge.o(.data)
    Recharge_Red_Move_X                      0x20000018   Data           4  AutoRecharge.o(.data)
    Recharge_Red_Move_Y                      0x2000001c   Data           4  AutoRecharge.o(.data)
    Recharge_Red_Move_Z                      0x20000020   Data           4  AutoRecharge.o(.data)
    Recharge_UP_Move_X                       0x20000024   Data           4  AutoRecharge.o(.data)
    Recharge_UP_Move_Y                       0x20000028   Data           4  AutoRecharge.o(.data)
    Recharge_UP_Move_Z                       0x2000002c   Data           4  AutoRecharge.o(.data)
    L_A                                      0x20000030   Data           1  AutoRecharge.o(.data)
    L_B                                      0x20000031   Data           1  AutoRecharge.o(.data)
    R_B                                      0x20000032   Data           1  AutoRecharge.o(.data)
    R_A                                      0x20000033   Data           1  AutoRecharge.o(.data)
    start_check_flag                         0x20000034   Data           1  balance.o(.data)
    wait_clear_times                         0x20000035   Data           1  balance.o(.data)
    start_clear                              0x20000036   Data           1  balance.o(.data)
    clear_done_once                          0x20000037   Data           1  balance.o(.data)
    clear_state                              0x20000038   Data           1  balance.o(.data)
    clear_again_times                        0x2000003c   Data           2  balance.o(.data)
    Buzzer_count1                            0x20000040   Data           4  balance.o(.data)
    robot_mode_check_flag                    0x20000044   Data           4  balance.o(.data)
    initsta                                  0x20000048   Data           4  balance.o(.data)
    T1_sta                                   0x2000004c   Data           4  balance.o(.data)
    T2_sta                                   0x20000050   Data           4  balance.o(.data)
    oil_x                                    0x20000054   Data           4  balance.o(.data)
    oil_y                                    0x20000058   Data           4  balance.o(.data)
    get_window_index                         0x2000005c   Data           4  balance.o(.data)
    get_sum                                  0x20000060   Data           4  balance.o(.data)
    get_window_index2                        0x20000064   Data           4  balance.o(.data)
    get_sum2                                 0x20000068   Data           4  balance.o(.data)
    temp                                     0x2000006c   Data           4  balance.o(.data)
    Speed_x                                  0x200000a4   Data           4  balance.o(.data)
    Speed_y                                  0x200000a8   Data           4  balance.o(.data)
    Speed_z                                  0x200000ac   Data           4  balance.o(.data)
    Step_En                                  0x200000b0   Data           4  balance.o(.data)
    time_ms                                  0x200000b4   Data           4  balance.o(.data)
    time_ms2                                 0x200000b8   Data           4  balance.o(.data)
    target_l                                 0x200000bc   Data           4  balance.o(.data)
    target_m                                 0x200000c0   Data           4  balance.o(.data)
    target_r                                 0x200000c4   Data           4  balance.o(.data)
    target_id                                0x200000c8   Data           4  balance.o(.data)
    e                                        0x200000cc   Data          28  balance.o(.data)
    ec                                       0x200000e8   Data          28  balance.o(.data)
    kp_table                                 0x20000104   Data         196  balance.o(.data)
    kd_table                                 0x200001c8   Data         196  balance.o(.data)
    ki_table                                 0x2000028c   Data         196  balance.o(.data)
    G                                        0x20000350   Data          16  balance.o(.data)
    command_lost_count                       0x20000360   Data           1  balance.o(.data)
    oled_page                                0x20000364   Data           1  show.o(.data)
    oled_refresh_flag                        0x2000036a   Data           1  show.o(.data)
    Buzzer_count                             0x2000036c   Data           4  show.o(.data)
    base_vol                                 0x20000370   Data           4  show.o(.data)
    Voltage_Show                             0x2000037c   Data           4  show.o(.data)
    Flag_Stop                                0x20000380   Data           1  system.o(.data)
    Car_Mode                                 0x20000381   Data           1  system.o(.data)
    RC_Velocity                              0x20000384   Data           4  system.o(.data)
    Velocity_KP                              0x20000388   Data           4  system.o(.data)
    Velocity_KI                              0x2000038c   Data           4  system.o(.data)
    PS2_ON_Flag                              0x20000390   Data           1  system.o(.data)
    APP_ON_Flag                              0x20000391   Data           1  system.o(.data)
    Remote_ON_Flag                           0x20000392   Data           1  system.o(.data)
    CAN_ON_Flag                              0x20000393   Data           1  system.o(.data)
    Flag_Direction                           0x20000394   Data           1  system.o(.data)
    Check                                    0x20000398   Data           4  system.o(.data)
    CheckPhrase1                             0x2000039c   Data           4  system.o(.data)
    CheckPhrase2                             0x200003a0   Data           4  system.o(.data)
    Get_Charging_HardWare                    0x200003a4   Data           1  system.o(.data)
    charger_check                            0x200003a5   Data           1  system.o(.data)
    Proc_Flag                                0x200003a6   Data           1  system.o(.data)
    check_time_count_motor_forward           0x200003a8   Data           4  system.o(.data)
    check_time_count_motor_retreat           0x200003ac   Data           4  system.o(.data)
    Servo_Count                              0x200003b0   Data          24  system.o(.data)
    message_count                            0x200003c8   Data           1  system.o(.data)
    uart2_send_flag                          0x200003c9   Data           1  system.o(.data)
    Full_rotation                            0x200003cc   Data           4  system.o(.data)
    Divisor_Mode                             0x200003d0   Data           4  system.o(.data)
    Servo                                    0x200003d4   Data           4  system.o(.data)
    Move_X                                   0x200003d8   Data           4  system.o(.data)
    Move_Y                                   0x200003dc   Data           4  system.o(.data)
    Move_Z                                   0x200003e0   Data           4  system.o(.data)
    Encoder_precision                        0x200003e4   Data           4  system.o(.data)
    Wheel_perimeter                          0x200003e8   Data           4  system.o(.data)
    Wheel_spacing                            0x200003ec   Data           4  system.o(.data)
    Axle_spacing                             0x200003f0   Data           4  system.o(.data)
    Omni_turn_radiaus                        0x200003f4   Data           4  system.o(.data)
    Usart1_ON_Flag                           0x200003f8   Data           1  system.o(.data)
    Usart5_ON_Flag                           0x200003f9   Data           1  system.o(.data)
    Flag_Left                                0x200003fa   Data           1  system.o(.data)
    Flag_Right                               0x200003fb   Data           1  system.o(.data)
    Turn_Flag                                0x200003fc   Data           1  system.o(.data)
    PID_Send                                 0x200003fd   Data           1  system.o(.data)
    PS2_LX                                   0x20000400   Data           4  system.o(.data)
    PS2_LY                                   0x20000404   Data           4  system.o(.data)
    PS2_RX                                   0x20000408   Data           4  system.o(.data)
    PS2_RY                                   0x2000040c   Data           4  system.o(.data)
    PS2_KEY                                  0x20000410   Data           4  system.o(.data)
    POT_val                                  0x20000414   Data           4  system.o(.data)
    uart3_send_flag                          0x20000418   Data           1  system.o(.data)
    pxCurrentTCB                             0x20000450   Data           4  tasks.o(.data)
    gstGyroOffset                            0x200004a8   Data           6  ICM20948.o(.data)
    Led_Count                                0x200004b0   Data           4  LED.o(.data)
    start_toggle                             0x200004bc   Data           1  usbh_hid_core.o(.data)
    HID_cb                                   0x200004c0   Data          16  usbh_hid_core.o(.data)
    USBH_HCD_INT_cb                          0x200004d0   Data          20  usbh_core.o(.data)
    USBH_HCD_INT_fops                        0x200004e4   Data           4  usbh_core.o(.data)
    int_noresponse                           0x200004ea   Data           2  usbh_core.o(.data)
    ps2_type                                 0x200004f2   Data           1  usbh_hid_joy.o(.data)
    ps2_data                                 0x200004f4   Data           6  usbh_hid_joy.o(.data)
    HID_JOY_cb                               0x200004fc   Data           8  usbh_hid_joy.o(.data)
    usb_wait_EnumReady                       0x20000504   Data           1  usbh_usr.o(.data)
    enum_error                               0x20000506   Data           2  usbh_usr.o(.data)
    USR_Callbacks                            0x20000508   Data          72  usbh_usr.o(.data)
    Voltage                                  0x20000550   Data           4  adc.o(.data)
    Voltage_All                              0x20000554   Data           4  adc.o(.data)
    usb_ps2_ready                            0x20000578   Data           1  pstwo.o(.data)
    Comd                                     0x20000579   Data           2  pstwo.o(.data)
    Handkey                                  0x2000057c   Data           2  pstwo.o(.data)
    MASK                                     0x20000588   Data          32  pstwo.o(.data)
    TIM8CH1_CAPTURE_STA                      0x200005a8   Data           1  timer.o(.data)
    TIM8CH2_CAPTURE_STA                      0x200005a9   Data           1  timer.o(.data)
    TIM8CH3_CAPTURE_STA                      0x200005aa   Data           1  timer.o(.data)
    TIM8CH4_CAPTURE_STA                      0x200005ab   Data           1  timer.o(.data)
    TIM8CH1_CAPTURE_UPVAL                    0x200005b0   Data           2  timer.o(.data)
    TIM8CH1_CAPTURE_DOWNVAL                  0x200005b2   Data           2  timer.o(.data)
    TIM8CH2_CAPTURE_UPVAL                    0x200005b4   Data           2  timer.o(.data)
    TIM8CH2_CAPTURE_DOWNVAL                  0x200005b6   Data           2  timer.o(.data)
    TIM8CH3_CAPTURE_UPVAL                    0x200005b8   Data           2  timer.o(.data)
    TIM8CH3_CAPTURE_DOWNVAL                  0x200005ba   Data           2  timer.o(.data)
    TIM8CH4_CAPTURE_UPVAL                    0x200005bc   Data           2  timer.o(.data)
    TIM8CH4_CAPTURE_DOWNVAL                  0x200005be   Data           2  timer.o(.data)
    Remoter_Ch1                              0x200005c0   Data           4  timer.o(.data)
    Remoter_Ch2                              0x200005c4   Data           4  timer.o(.data)
    Remoter_Ch3                              0x200005c8   Data           4  timer.o(.data)
    Remoter_Ch4                              0x200005cc   Data           4  timer.o(.data)
    L_Remoter_Ch1                            0x200005d0   Data           4  timer.o(.data)
    L_Remoter_Ch2                            0x200005d4   Data           4  timer.o(.data)
    L_Remoter_Ch3                            0x200005d8   Data           4  timer.o(.data)
    L_Remoter_Ch4                            0x200005dc   Data           4  timer.o(.data)
    TIM8_T1                                  0x200005e0   Data           4  timer.o(.data)
    TIM8_T2                                  0x200005e4   Data           4  timer.o(.data)
    TIM8_T3                                  0x200005e8   Data           4  timer.o(.data)
    TIM8_T4                                  0x200005ec   Data           4  timer.o(.data)
    rx_index                                 0x200005f0   Data           1  usartx.o(.data)
    packet_received                          0x200005f1   Data           1  usartx.o(.data)
    distance                                 0x20000600   Data           4  usartx.o(.data)
    Yaw                                      0x20000608   Data           4  usartx.o(.data)
    openmv                                   0x2000060c   Data           4  usartx.o(.data)
    __stdout                                 0x20000634   Data           4  usart.o(.data)
    StartTask_Handler                        0x20000638   Data           4  main.o(.data)
    SystemCoreClock                          0x2000063c   Data           4  system_stm32f4xx.o(.data)
    AHBPrescTable                            0x20000640   Data          16  system_stm32f4xx.o(.data)
    get_window                               0x20000650   Data         200  balance.o(.bss)
    get_window2                              0x20000718   Data         200  balance.o(.bss)
    Gend                                     0x200007e0   Data          16  balance.o(.bss)
    A                                        0x200007f0   Data          16  balance.o(.bss)
    angle                                    0x20000800   Data          48  balance.o(.bss)
    x                                        0x20000830   Data          48  balance.o(.bss)
    y                                        0x20000860   Data          48  balance.o(.bss)
    id                                       0x20000890   Data          48  balance.o(.bss)
    ov                                       0x200008c0   Data          48  balance.o(.bss)
    vl                                       0x200008f0   Data          48  balance.o(.bss)
    pid_dis                                  0x20000920   Data          16  balance.o(.bss)
    getID                                    0x20000930   Data          16  balance.o(.bss)
    putID                                    0x20000940   Data          16  balance.o(.bss)
    OriginalEncoder                          0x20000950   Data          16  balance.o(.bss)
    imu                                      0x20000960   Data          36  imu_task.o(.bss)
    Robot_Parament                           0x20000984   Data          24  robot_select_init.o(.bss)
    servo_direction                          0x20000b2c   Data          24  system.o(.bss)
    smooth_control                           0x20000b44   Data          12  system.o(.bss)
    MOTOR_A                                  0x20000b50   Data          20  system.o(.bss)
    MOTOR_B                                  0x20000b64   Data          20  system.o(.bss)
    MOTOR_C                                  0x20000b78   Data          20  system.o(.bss)
    MOTOR_D                                  0x20000b8c   Data          20  system.o(.bss)
    USB_Host                                 0x20000ba0   Data         132  system.o(.bss)
    USB_OTG_Core_dev                         0x20000c24   Data        1456  system.o(.bss)
    SysVal                                   0x200011d4   Data          12  system.o(.bss)
    uart3_receive_message                    0x200011e0   Data          50  system.o(.bss)
    xQueueRegistry                           0x20006214   Data          64  queue.o(.bss)
    HID_Machine                              0x200065cc   Data          84  usbh_hid_core.o(.bss)
    HID_Desc                                 0x20006620   Data          10  usbh_hid_core.o(.bss)
    USBH_CfgDesc                             0x2000662a   Data         512  usbh_stdreq.o(.bss)
    OLED_GRAM                                0x20006838   Data        1024  oled.o(.bss)
    Data                                     0x20006c38   Data           9  pstwo.o(.bss)
    Send_Data                                0x20006c82   Data          48  usartx.o(.bss)
    Receive_Data                             0x20006cb4   Data          32  usartx.o(.bss)
    Send_AutoCharge_Data                     0x20006cd4   Data          16  usartx.o(.bss)
    DIS                                      0x20006ce4   Data          28  usartx.o(.bss)
    opencv                                   0x20006d00   Data          32  usartx.o(.bss)
    rx_buffer                                0x20006d20   Data          40  usartx.o(.bss)
    __libspace_start                         0x20006d48   Data          96  libspace.o(.bss)
    __temporary_stack_top$libspace           0x20006da8   Data           0  libspace.o(.bss)



==============================================================================

Memory Map of the image

  Image Entry point : 0x08000189

  Load Region LR_IROM1 (Base: 0x08000000, Size: 0x00012ef4, Max: 0x00100000, ABSOLUTE, COMPRESSED[0x00012a10])

    Execution Region ER_IROM1 (Base: 0x08000000, Size: 0x000128a4, Max: 0x00100000, ABSOLUTE)

    Base Addr    Size         Type   Attr      Idx    E Section Name        Object

    0x08000000   0x00000188   Data   RO          837    RESET               startup_stm32f40_41xxx.o
    0x08000188   0x00000008   Code   RO         6260  * !!!main             c_w.l(__main.o)
    0x08000190   0x00000034   Code   RO         6703    !!!scatter          c_w.l(__scatter.o)
    0x080001c4   0x0000005a   Code   RO         6701    !!dczerorl2         c_w.l(__dczerorl2.o)
    0x0800021e   0x00000002   PAD
    0x08000220   0x0000001c   Code   RO         6705    !!handler_zi        c_w.l(__scatter_zi.o)
    0x0800023c   0x00000000   Code   RO         6245    .ARM.Collect$$_printf_percent$$00000000  c_w.l(_printf_percent.o)
    0x0800023c   0x00000006   Code   RO         6243    .ARM.Collect$$_printf_percent$$00000009  c_w.l(_printf_d.o)
    0x08000242   0x00000006   Code   RO         6242    .ARM.Collect$$_printf_percent$$00000014  c_w.l(_printf_s.o)
    0x08000248   0x00000004   Code   RO         6402    .ARM.Collect$$_printf_percent$$00000017  c_w.l(_printf_percent_end.o)
    0x0800024c   0x00000002   Code   RO         6567    .ARM.Collect$$libinit$$00000000  c_w.l(libinit.o)
    0x0800024e   0x00000004   Code   RO         6579    .ARM.Collect$$libinit$$00000001  c_w.l(libinit2.o)
    0x08000252   0x00000000   Code   RO         6582    .ARM.Collect$$libinit$$00000004  c_w.l(libinit2.o)
    0x08000252   0x00000000   Code   RO         6585    .ARM.Collect$$libinit$$0000000A  c_w.l(libinit2.o)
    0x08000252   0x00000000   Code   RO         6587    .ARM.Collect$$libinit$$0000000C  c_w.l(libinit2.o)
    0x08000252   0x00000000   Code   RO         6589    .ARM.Collect$$libinit$$0000000E  c_w.l(libinit2.o)
    0x08000252   0x00000000   Code   RO         6592    .ARM.Collect$$libinit$$00000011  c_w.l(libinit2.o)
    0x08000252   0x00000000   Code   RO         6594    .ARM.Collect$$libinit$$00000013  c_w.l(libinit2.o)
    0x08000252   0x00000000   Code   RO         6596    .ARM.Collect$$libinit$$00000015  c_w.l(libinit2.o)
    0x08000252   0x00000000   Code   RO         6598    .ARM.Collect$$libinit$$00000017  c_w.l(libinit2.o)
    0x08000252   0x00000000   Code   RO         6600    .ARM.Collect$$libinit$$00000019  c_w.l(libinit2.o)
    0x08000252   0x00000000   Code   RO         6602    .ARM.Collect$$libinit$$0000001B  c_w.l(libinit2.o)
    0x08000252   0x00000000   Code   RO         6604    .ARM.Collect$$libinit$$0000001D  c_w.l(libinit2.o)
    0x08000252   0x00000000   Code   RO         6606    .ARM.Collect$$libinit$$0000001F  c_w.l(libinit2.o)
    0x08000252   0x00000000   Code   RO         6608    .ARM.Collect$$libinit$$00000021  c_w.l(libinit2.o)
    0x08000252   0x00000000   Code   RO         6610    .ARM.Collect$$libinit$$00000023  c_w.l(libinit2.o)
    0x08000252   0x00000000   Code   RO         6612    .ARM.Collect$$libinit$$00000025  c_w.l(libinit2.o)
    0x08000252   0x00000000   Code   RO         6616    .ARM.Collect$$libinit$$0000002C  c_w.l(libinit2.o)
    0x08000252   0x00000000   Code   RO         6618    .ARM.Collect$$libinit$$0000002E  c_w.l(libinit2.o)
    0x08000252   0x00000000   Code   RO         6620    .ARM.Collect$$libinit$$00000030  c_w.l(libinit2.o)
    0x08000252   0x00000000   Code   RO         6622    .ARM.Collect$$libinit$$00000032  c_w.l(libinit2.o)
    0x08000252   0x00000002   Code   RO         6623    .ARM.Collect$$libinit$$00000033  c_w.l(libinit2.o)
    0x08000254   0x00000002   Code   RO         6643    .ARM.Collect$$libshutdown$$00000000  c_w.l(libshutdown.o)
    0x08000256   0x00000000   Code   RO         6653    .ARM.Collect$$libshutdown$$00000002  c_w.l(libshutdown2.o)
    0x08000256   0x00000000   Code   RO         6655    .ARM.Collect$$libshutdown$$00000004  c_w.l(libshutdown2.o)
    0x08000256   0x00000000   Code   RO         6658    .ARM.Collect$$libshutdown$$00000007  c_w.l(libshutdown2.o)
    0x08000256   0x00000000   Code   RO         6661    .ARM.Collect$$libshutdown$$0000000A  c_w.l(libshutdown2.o)
    0x08000256   0x00000000   Code   RO         6663    .ARM.Collect$$libshutdown$$0000000C  c_w.l(libshutdown2.o)
    0x08000256   0x00000000   Code   RO         6666    .ARM.Collect$$libshutdown$$0000000F  c_w.l(libshutdown2.o)
    0x08000256   0x00000002   Code   RO         6667    .ARM.Collect$$libshutdown$$00000010  c_w.l(libshutdown2.o)
    0x08000258   0x00000000   Code   RO         6342    .ARM.Collect$$rtentry$$00000000  c_w.l(__rtentry.o)
    0x08000258   0x00000000   Code   RO         6478    .ARM.Collect$$rtentry$$00000002  c_w.l(__rtentry2.o)
    0x08000258   0x00000006   Code   RO         6490    .ARM.Collect$$rtentry$$00000004  c_w.l(__rtentry4.o)
    0x0800025e   0x00000000   Code   RO         6480    .ARM.Collect$$rtentry$$00000009  c_w.l(__rtentry2.o)
    0x0800025e   0x00000004   Code   RO         6481    .ARM.Collect$$rtentry$$0000000A  c_w.l(__rtentry2.o)
    0x08000262   0x00000000   Code   RO         6483    .ARM.Collect$$rtentry$$0000000C  c_w.l(__rtentry2.o)
    0x08000262   0x00000008   Code   RO         6484    .ARM.Collect$$rtentry$$0000000D  c_w.l(__rtentry2.o)
    0x0800026a   0x00000002   Code   RO         6572    .ARM.Collect$$rtexit$$00000000  c_w.l(rtexit.o)
    0x0800026c   0x00000000   Code   RO         6627    .ARM.Collect$$rtexit$$00000002  c_w.l(rtexit2.o)
    0x0800026c   0x00000004   Code   RO         6628    .ARM.Collect$$rtexit$$00000003  c_w.l(rtexit2.o)
    0x08000270   0x00000006   Code   RO         6629    .ARM.Collect$$rtexit$$00000004  c_w.l(rtexit2.o)
    0x08000276   0x00000002   PAD
    0x08000278   0x000000b6   Code   RO         2891    .emb_text           port.o
    0x0800032e   0x00000002   PAD
    0x08000330   0x00000040   Code   RO          838    .text               startup_stm32f40_41xxx.o
    0x08000370   0x00000002   Code   RO         6203    .text               c_w.l(use_no_semi_2.o)
    0x08000372   0x00000002   PAD
    0x08000374   0x00000018   Code   RO         6207    .text               c_w.l(__2printf.o)
    0x0800038c   0x00000052   Code   RO         6217    .text               c_w.l(_printf_str.o)
    0x080003de   0x00000002   PAD
    0x080003e0   0x00000078   Code   RO         6219    .text               c_w.l(_printf_dec.o)
    0x08000458   0x00000188   Code   RO         6238    .text               c_w.l(__printf_flags_ss_wp.o)
    0x080005e0   0x0000008a   Code   RO         6250    .text               c_w.l(rt_memcpy_v6.o)
    0x0800066a   0x00000010   Code   RO         6252    .text               c_w.l(aeabi_memset.o)
    0x0800067a   0x00000044   Code   RO         6254    .text               c_w.l(rt_memclr.o)
    0x080006be   0x0000004e   Code   RO         6256    .text               c_w.l(rt_memclr_w.o)
    0x0800070c   0x00000006   Code   RO         6258    .text               c_w.l(heapauxi.o)
    0x08000712   0x00000002   Code   RO         6340    .text               c_w.l(use_no_semi.o)
    0x08000714   0x00000016   Code   RO         6343    .text               c_w.l(_rserrno.o)
    0x0800072a   0x000000b2   Code   RO         6349    .text               c_w.l(_printf_intcommon.o)
    0x080007dc   0x00000030   Code   RO         6353    .text               c_w.l(_printf_char_common.o)
    0x0800080c   0x0000002c   Code   RO         6357    .text               c_w.l(_printf_char.o)
    0x08000838   0x00000024   Code   RO         6359    .text               c_w.l(_printf_char_file.o)
    0x0800085c   0x00000064   Code   RO         6412    .text               c_w.l(rt_memcpy_w.o)
    0x080008c0   0x00000008   Code   RO         6495    .text               c_w.l(rt_errno_addr_intlibspace.o)
    0x080008c8   0x00000008   Code   RO         6508    .text               c_w.l(ferror.o)
    0x080008d0   0x00000008   Code   RO         6518    .text               c_w.l(libspace.o)
    0x080008d8   0x0000004a   Code   RO         6521    .text               c_w.l(sys_stackheap_outer.o)
    0x08000922   0x00000012   Code   RO         6560    .text               c_w.l(exit.o)
    0x08000934   0x00000014   Code   RO          894    i.ADC_Cmd           stm32f4xx_adc.o
    0x08000948   0x0000002c   Code   RO          895    i.ADC_CommonInit    stm32f4xx_adc.o
    0x08000974   0x00000006   Code   RO          906    i.ADC_GetConversionValue  stm32f4xx_adc.o
    0x0800097a   0x0000000e   Code   RO          907    i.ADC_GetFlagStatus  stm32f4xx_adc.o
    0x08000988   0x0000004c   Code   RO          914    i.ADC_Init          stm32f4xx_adc.o
    0x080009d4   0x00000074   Code   RO          919    i.ADC_RegularChannelConfig  stm32f4xx_adc.o
    0x08000a48   0x0000000a   Code   RO          921    i.ADC_SoftwareStartConv  stm32f4xx_adc.o
    0x08000a52   0x00000002   PAD
    0x08000a54   0x00000138   Code   RO          690    i.APP_Show          show.o
    0x08000b8c   0x00000020   Code   RO          338    i.ARM1              balance.o
    0x08000bac   0x00000020   Code   RO          339    i.ARM2              balance.o
    0x08000bcc   0x000000a0   Code   RO          340    i.ARM3              balance.o
    0x08000c6c   0x0000005c   Code   RO          341    i.ARM_GET1          balance.o
    0x08000cc8   0x00000088   Code   RO          342    i.ARM_GET2          balance.o
    0x08000d50   0x0000007c   Code   RO          343    i.ARM_GETFIN        balance.o
    0x08000dcc   0x0000007c   Code   RO          344    i.ARM_PUT1          balance.o
    0x08000e48   0x00000084   Code   RO          345    i.ARM_PUT2          balance.o
    0x08000ecc   0x00000090   Code   RO         5733    i.AT_Command_Capture  usartx.o
    0x08000f5c   0x00000080   Code   RO         5059    i.Adc_Init          adc.o
    0x08000fdc   0x00000080   Code   RO         5060    i.Adc_POWER_Init    adc.o
    0x0800105c   0x000014d4   Code   RO          346    i.Balance_task      balance.o
    0x08002530   0x00000002   Code   RO         6113    i.BusFault_Handler  stm32f4xx_it.o
    0x08002532   0x00000002   PAD
    0x08002534   0x00000034   Code   RO         3864    i.Buzzer_Init       LED.o
    0x08002568   0x00000280   Code   RO         5120    i.CAN1_RX0_IRQHandler  can.o
    0x080027e8   0x00000094   Code   RO         5122    i.CAN1_Rx_Msg       can.o
    0x0800287c   0x00000036   Code   RO         5123    i.CAN1_Send_EXTid_Num  can.o
    0x080028b2   0x00000036   Code   RO         5126    i.CAN1_Send_Num     can.o
    0x080028e8   0x000000ac   Code   RO         5127    i.CAN1_Tx_Msg       can.o
    0x08002994   0x00000064   Code   RO         5128    i.CAN1_Tx_Staus     can.o
    0x080029f8   0x00000068   Code   RO         5734    i.CAN_SEND          usartx.o
    0x08002a60   0x0000007c   Code   RO            3    i.CAN_Send_AutoRecharge  AutoRecharge.o
    0x08002adc   0x00000038   Code   RO         5735    i.Check_Sum         usartx.o
    0x08002b14   0x00000024   Code   RO         5736    i.Check_Sum_AutoCharge  usartx.o
    0x08002b38   0x00000002   Code   RO         6114    i.DebugMon_Handler  stm32f4xx_it.o
    0x08002b3a   0x00000002   PAD
    0x08002b3c   0x0000051e   Code   RO          347    i.Drive_Motor       balance.o
    0x0800305a   0x00000002   PAD
    0x0800305c   0x00000030   Code   RO         5339    i.Enable_Pin        motor.o
    0x0800308c   0x000000dc   Code   RO         5201    i.Encoder_Init_TIM2  encoder.o
    0x08003168   0x000000bc   Code   RO         5202    i.Encoder_Init_TIM3  encoder.o
    0x08003224   0x000000bc   Code   RO         5203    i.Encoder_Init_TIM4  encoder.o
    0x080032e0   0x000000bc   Code   RO         5204    i.Encoder_Init_TIM5  encoder.o
    0x0800339c   0x00000048   Code   RO         5386    i.FenJie_float      oled.o
    0x080033e4   0x00000024   Code   RO          738    i.Find_Charging_HardWare  system.o
    0x08003408   0x00000078   Code   RO         1294    i.GPIO_Init         stm32f4xx_gpio.o
    0x08003480   0x00000020   Code   RO         1295    i.GPIO_PinAFConfig  stm32f4xx_gpio.o
    0x080034a0   0x00000004   Code   RO         1302    i.GPIO_SetBits      stm32f4xx_gpio.o
    0x080034a4   0x0000000a   Code   RO         1306    i.GPIO_WriteBit     stm32f4xx_gpio.o
    0x080034ae   0x00000002   PAD
    0x080034b0   0x00000030   Code   RO         5061    i.Get_Adc           adc.o
    0x080034e0   0x00000030   Code   RO         5062    i.Get_Adc2          adc.o
    0x08003510   0x000001d0   Code   RO          349    i.Get_RC            balance.o
    0x080036e0   0x00000118   Code   RO          350    i.Get_Velocity_Form_Encoder  balance.o
    0x080037f8   0x0000002e   Code   RO         5063    i.Get_adc_Average   adc.o
    0x08003826   0x00000002   PAD
    0x08003828   0x00000068   Code   RO         5064    i.Get_battery_volt  adc.o
    0x08003890   0x00000008   Code   RO         4646    i.HCD_GetCurrentFrame  usb_hcd.o
    0x08003898   0x0000000c   Code   RO         4647    i.HCD_GetCurrentSpeed  usb_hcd.o
    0x080038a4   0x00000008   Code   RO         4649    i.HCD_GetURB_State  usb_hcd.o
    0x080038ac   0x00000056   Code   RO         4652    i.HCD_Init          usb_hcd.o
    0x08003902   0x00000006   Code   RO         4653    i.HCD_IsDeviceConnected  usb_hcd.o
    0x08003908   0x00000006   Code   RO         4654    i.HCD_IsPortEnabled  usb_hcd.o
    0x0800390e   0x0000000a   Code   RO         4655    i.HCD_ResetPort     usb_hcd.o
    0x08003918   0x00000014   Code   RO         4656    i.HCD_SubmitRequest  usb_hcd.o
    0x0800392c   0x00000002   Code   RO         6115    i.HardFault_Handler  stm32f4xx_it.o
    0x0800392e   0x00000002   PAD
    0x08003930   0x00000040   Code   RO         3681    i.I2C_Ack           I2C.o
    0x08003970   0x00000044   Code   RO         3682    i.I2C_GPIOInit      I2C.o
    0x080039b4   0x00000040   Code   RO         3683    i.I2C_NAck          I2C.o
    0x080039f4   0x00000070   Code   RO         3685    i.I2C_ReadByte      I2C.o
    0x08003a64   0x0000003e   Code   RO         3686    i.I2C_ReadOneByte   I2C.o
    0x08003aa2   0x00000002   PAD
    0x08003aa4   0x00000050   Code   RO         3687    i.I2C_Start         I2C.o
    0x08003af4   0x00000040   Code   RO         3688    i.I2C_Stop          I2C.o
    0x08003b34   0x00000054   Code   RO         3689    i.I2C_WaiteForAck   I2C.o
    0x08003b88   0x0000004a   Code   RO         3690    i.I2C_WriteBits     I2C.o
    0x08003bd2   0x00000002   PAD
    0x08003bd4   0x00000060   Code   RO         3692    i.I2C_WriteByte     I2C.o
    0x08003c34   0x00000032   Code   RO         3694    i.I2C_WriteOneByte  I2C.o
    0x08003c66   0x00000002   PAD
    0x08003c68   0x00000048   Code   RO         3782    i.ICM20948_Get_Accel  ICM20948.o
    0x08003cb0   0x00000070   Code   RO         3783    i.ICM20948_Get_Gyroscope  ICM20948.o
    0x08003d20   0x00000008   Code   RO         3784    i.ICM20948_getDeviceID  ICM20948.o
    0x08003d28   0x00000048   Code   RO          619    i.ICM20948_task     imu_task.o
    0x08003d70   0x0000000e   Code   RO          620    i.ImuData_copy      imu_task.o
    0x08003d7e   0x00000002   PAD
    0x08003d80   0x000003dc   Code   RO         4866    i.JOY_Decode        usbh_hid_joy.o
    0x0800415c   0x0000000c   Code   RO         4867    i.JOY_Init          usbh_hid_joy.o
    0x08004168   0x0000002c   Code   RO         5280    i.KEY_Init          key.o
    0x08004194   0x00000108   Code   RO         5281    i.KEY_Scan          key.o
    0x0800429c   0x00000128   Code   RO          355    i.Key               balance.o
    0x080043c4   0x00000090   Code   RO          356    i.Limit_Pwm         balance.o
    0x08004454   0x000000ac   Code   RO         3920    i.MPU6050_Get_Accelscope  MPU6050.o
    0x08004500   0x00000080   Code   RO         3921    i.MPU6050_Get_Gyroscope  MPU6050.o
    0x08004580   0x00000032   Code   RO         3922    i.MPU6050_Set_LPF   MPU6050.o
    0x080045b2   0x00000030   Code   RO         3923    i.MPU6050_Set_Rate  MPU6050.o
    0x080045e2   0x00000008   Code   RO         3924    i.MPU6050_getDeviceID  MPU6050.o
    0x080045ea   0x00000084   Code   RO         3925    i.MPU6050_initialize  MPU6050.o
    0x0800466e   0x00000012   Code   RO         3928    i.MPU6050_setFullScaleAccelRange  MPU6050.o
    0x08004680   0x00000012   Code   RO         3929    i.MPU6050_setFullScaleGyroRange  MPU6050.o
    0x08004692   0x00000002   PAD
    0x08004694   0x00000048   Code   RO          621    i.MPU6050_task      imu_task.o
    0x080046dc   0x00000002   Code   RO         6116    i.MemManage_Handler  stm32f4xx_it.o
    0x080046de   0x00000002   Code   RO         6117    i.NMI_Handler       stm32f4xx_it.o
    0x080046e0   0x00000064   Code   RO          844    i.NVIC_Init         misc.o
    0x08004744   0x00000014   Code   RO          845    i.NVIC_PriorityGroupConfig  misc.o
    0x08004758   0x0000002c   Code   RO         5387    i.OLED_Clear        oled.o
    0x08004784   0x00000040   Code   RO         5390    i.OLED_DrawBMP      oled.o
    0x080047c4   0x0000003c   Code   RO         5391    i.OLED_DrawPoint    oled.o
    0x08004800   0x0000002e   Code   RO         5392    i.OLED_DrawPoint_Shu  oled.o
    0x0800482e   0x00000002   PAD
    0x08004830   0x00000130   Code   RO         5393    i.OLED_Init         oled.o
    0x08004960   0x00000048   Code   RO         5394    i.OLED_Refresh_Gram  oled.o
    0x080049a8   0x00000048   Code   RO         5395    i.OLED_Refresh_Line  oled.o
    0x080049f0   0x00000028   Code   RO         5396    i.OLED_Set_Pos      oled.o
    0x08004a18   0x0000002c   Code   RO         5397    i.OLED_ShowCHinese  oled.o
    0x08004a44   0x0000002c   Code   RO         5398    i.OLED_ShowCHinese12  oled.o
    0x08004a70   0x00000084   Code   RO         5399    i.OLED_ShowChar     oled.o
    0x08004af4   0x00000088   Code   RO         5400    i.OLED_ShowFont12   oled.o
    0x08004b7c   0x00000084   Code   RO         5401    i.OLED_ShowFont16   oled.o
    0x08004c00   0x00000078   Code   RO         5402    i.OLED_ShowNumber   oled.o
    0x08004c78   0x0000003e   Code   RO         5403    i.OLED_ShowString   oled.o
    0x08004cb6   0x0000003e   Code   RO         5404    i.OLED_ShowString16  oled.o
    0x08004cf4   0x00000030   Code   RO         5405    i.OLED_Show_POT     oled.o
    0x08004d24   0x00000044   Code   RO         5406    i.OLED_WR_Byte      oled.o
    0x08004d68   0x0000003c   Code   RO         4910    i.OTG_FS_IRQHandler  usbh_usr.o
    0x08004da4   0x000000ec   Code   RO          359    i.PID_VL            balance.o
    0x08004e90   0x000000e8   Code   RO          360    i.PID_X             balance.o
    0x08004f78   0x000000e8   Code   RO          361    i.PID_Y             balance.o
    0x08005060   0x0000010c   Code   RO          362    i.PID_YAW           balance.o
    0x0800516c   0x00000018   Code   RO         5550    i.PS2_ClearData     pstwo.o
    0x08005184   0x00000084   Code   RO         5551    i.PS2_Cmd           pstwo.o
    0x08005208   0x00000040   Code   RO         5552    i.PS2_DataKey       pstwo.o
    0x08005248   0x0000005c   Code   RO         5553    i.PS2_EnterConfing  pstwo.o
    0x080052a4   0x0000005c   Code   RO         5554    i.PS2_ExitConfing   pstwo.o
    0x08005300   0x00000054   Code   RO         5555    i.PS2_Init          pstwo.o
    0x08005354   0x000000e4   Code   RO         5556    i.PS2_Read          pstwo.o
    0x08005438   0x000000a8   Code   RO         5557    i.PS2_ReadData      pstwo.o
    0x080054e0   0x0000001e   Code   RO         5560    i.PS2_SetInit       pstwo.o
    0x080054fe   0x00000002   PAD
    0x08005500   0x00000044   Code   RO         5561    i.PS2_ShortPoll     pstwo.o
    0x08005544   0x00000058   Code   RO         5562    i.PS2_TurnOnAnalogMode  pstwo.o
    0x0800559c   0x0000000c   Code   RO         1391    i.PWR_BackupAccessCmd  stm32f4xx_pwr.o
    0x080055a8   0x00000018   Code   RO         1513    i.RCC_AHB1PeriphClockCmd  stm32f4xx_rcc.o
    0x080055c0   0x00000018   Code   RO         1516    i.RCC_AHB2PeriphClockCmd  stm32f4xx_rcc.o
    0x080055d8   0x00000018   Code   RO         1522    i.RCC_APB1PeriphClockCmd  stm32f4xx_rcc.o
    0x080055f0   0x00000018   Code   RO         1525    i.RCC_APB2PeriphClockCmd  stm32f4xx_rcc.o
    0x08005608   0x00000018   Code   RO         1527    i.RCC_APB2PeriphResetCmd  stm32f4xx_rcc.o
    0x08005620   0x00000090   Code   RO         1534    i.RCC_GetClocksFreq  stm32f4xx_rcc.o
    0x080056b0   0x0000001c   Code   RO         1543    i.RCC_LSEConfig     stm32f4xx_rcc.o
    0x080056cc   0x00000040   Code   RO         5205    i.Read_Encoder      encoder.o
    0x0800570c   0x00000098   Code   RO          661    i.Robot_Init        robot_select_init.o
    0x080057a4   0x000001b4   Code   RO          662    i.Robot_Select      robot_select_init.o
    0x08005958   0x00000012   Code   RO         5985    i.SYS_VAL_t_Init    sys.o
    0x0800596a   0x00000002   PAD
    0x0800596c   0x000000b4   Code   RO         6166    i.SetSysClock       system_stm32f4xx.o
    0x08005a20   0x00000074   Code   RO          365    i.Set_Pwm           balance.o
    0x08005a94   0x00000154   Code   RO          366    i.Smooth_control    balance.o
    0x08005be8   0x00000034   Code   RO         3866    i.Step_Init         LED.o
    0x08005c1c   0x00000044   Code   RO          367    i.Step_Motor        balance.o
    0x08005c60   0x00000018   Code   RO          848    i.SysTick_CLKSourceConfig  misc.o
    0x08005c78   0x00000014   Code   RO         5929    i.SysTick_Handler   delay.o
    0x08005c8c   0x0000005c   Code   RO         6168    i.SystemInit        system_stm32f4xx.o
    0x08005ce8   0x0000002e   Code   RO         1903    i.TI1_Config        stm32f4xx_tim.o
    0x08005d16   0x00000036   Code   RO         1904    i.TI2_Config        stm32f4xx_tim.o
    0x08005d4c   0x000000a0   Code   RO         5340    i.TIM10_PWM_Init    motor.o
    0x08005dec   0x000000a8   Code   RO         5341    i.TIM11_PWM_Init    motor.o
    0x08005e94   0x00000060   Code   RO         5683    i.TIM12_SERVO_Init  timer.o
    0x08005ef4   0x000000f8   Code   RO         5342    i.TIM1_PWM_Init     motor.o
    0x08005fec   0x00000010   Code   RO         5206    i.TIM2_IRQHandler   encoder.o
    0x08005ffc   0x00000014   Code   RO         5207    i.TIM3_IRQHandler   encoder.o
    0x08006010   0x00000014   Code   RO         5208    i.TIM4_IRQHandler   encoder.o
    0x08006024   0x00000014   Code   RO         5209    i.TIM5_IRQHandler   encoder.o
    0x08006038   0x0000002c   Code   RO         5210    i.TIM8_BRK_TIM12_IRQHandler  encoder.o
    0x08006064   0x000002a8   Code   RO         5684    i.TIM8_CC_IRQHandler  timer.o
    0x0800630c   0x00000100   Code   RO         5686    i.TIM8_SERVO_Init   timer.o
    0x0800640c   0x00000010   Code   RO         5687    i.TIM8_UP_TIM13_IRQHandler  timer.o
    0x0800641c   0x000000b8   Code   RO         5343    i.TIM9_PWM_Init     motor.o
    0x080064d4   0x00000014   Code   RO         1905    i.TIM_ARRPreloadConfig  stm32f4xx_tim.o
    0x080064e8   0x00000006   Code   RO         1911    i.TIM_ClearFlag     stm32f4xx_tim.o
    0x080064ee   0x00000006   Code   RO         1912    i.TIM_ClearITPendingBit  stm32f4xx_tim.o
    0x080064f4   0x00000014   Code   RO         1917    i.TIM_Cmd           stm32f4xx_tim.o
    0x08006508   0x00000016   Code   RO         1919    i.TIM_CtrlPWMOutputs  stm32f4xx_tim.o
    0x0800651e   0x00000032   Code   RO         1926    i.TIM_EncoderInterfaceConfig  stm32f4xx_tim.o
    0x08006550   0x00000004   Code   RO         1932    i.TIM_GetCapture1   stm32f4xx_tim.o
    0x08006554   0x00000004   Code   RO         1933    i.TIM_GetCapture2   stm32f4xx_tim.o
    0x08006558   0x00000004   Code   RO         1934    i.TIM_GetCapture3   stm32f4xx_tim.o
    0x0800655c   0x00000004   Code   RO         1935    i.TIM_GetCapture4   stm32f4xx_tim.o
    0x08006560   0x00000018   Code   RO         1938    i.TIM_GetITStatus   stm32f4xx_tim.o
    0x08006578   0x000000ac   Code   RO         1940    i.TIM_ICInit        stm32f4xx_tim.o
    0x08006624   0x00000010   Code   RO         1941    i.TIM_ICStructInit  stm32f4xx_tim.o
    0x08006634   0x00000010   Code   RO         1942    i.TIM_ITConfig      stm32f4xx_tim.o
    0x08006644   0x00000060   Code   RO         1946    i.TIM_OC1Init       stm32f4xx_tim.o
    0x080066a4   0x0000000c   Code   RO         1948    i.TIM_OC1PolarityConfig  stm32f4xx_tim.o
    0x080066b0   0x0000000c   Code   RO         1949    i.TIM_OC1PreloadConfig  stm32f4xx_tim.o
    0x080066bc   0x00000080   Code   RO         1951    i.TIM_OC2Init       stm32f4xx_tim.o
    0x0800673c   0x00000014   Code   RO         1953    i.TIM_OC2PolarityConfig  stm32f4xx_tim.o
    0x08006750   0x00000014   Code   RO         1954    i.TIM_OC2PreloadConfig  stm32f4xx_tim.o
    0x08006764   0x0000007c   Code   RO         1956    i.TIM_OC3Init       stm32f4xx_tim.o
    0x080067e0   0x00000014   Code   RO         1958    i.TIM_OC3PolarityConfig  stm32f4xx_tim.o
    0x080067f4   0x0000000c   Code   RO         1959    i.TIM_OC3PreloadConfig  stm32f4xx_tim.o
    0x08006800   0x00000060   Code   RO         1961    i.TIM_OC4Init       stm32f4xx_tim.o
    0x08006860   0x00000014   Code   RO         1962    i.TIM_OC4PolarityConfig  stm32f4xx_tim.o
    0x08006874   0x00000014   Code   RO         1963    i.TIM_OC4PreloadConfig  stm32f4xx_tim.o
    0x08006888   0x00000004   Code   RO         1983    i.TIM_SetCounter    stm32f4xx_tim.o
    0x0800688c   0x00000010   Code   RO         1984    i.TIM_SetIC1Prescaler  stm32f4xx_tim.o
    0x0800689c   0x00000018   Code   RO         1985    i.TIM_SetIC2Prescaler  stm32f4xx_tim.o
    0x080068b4   0x00000010   Code   RO         1986    i.TIM_SetIC3Prescaler  stm32f4xx_tim.o
    0x080068c4   0x00000018   Code   RO         1987    i.TIM_SetIC4Prescaler  stm32f4xx_tim.o
    0x080068dc   0x0000007c   Code   RO         1989    i.TIM_TimeBaseInit  stm32f4xx_tim.o
    0x08006958   0x00000012   Code   RO         1990    i.TIM_TimeBaseStructInit  stm32f4xx_tim.o
    0x0800696a   0x00000002   PAD
    0x0800696c   0x00000050   Code   RO          368    i.Turn_Off          balance.o
    0x080069bc   0x000000dc   Code   RO         5737    i.UART5_IRQHandler  usartx.o
    0x08006a98   0x00000108   Code   RO         5738    i.USART1_IRQHandler  usartx.o
    0x08006ba0   0x0000003c   Code   RO         5739    i.USART1_SEND       usartx.o
    0x08006bdc   0x000002a4   Code   RO         5740    i.USART2_IRQHandler  usartx.o
    0x08006e80   0x000001dc   Code   RO         5742    i.USART3_IRQHandler  usartx.o
    0x0800705c   0x00000030   Code   RO         5743    i.USART3_Return     usartx.o
    0x0800708c   0x0000003c   Code   RO         5744    i.USART3_SEND       usartx.o
    0x080070c8   0x00000014   Code   RO         2454    i.USART_Cmd         stm32f4xx_usart.o
    0x080070dc   0x0000003e   Code   RO         2458    i.USART_GetITStatus  stm32f4xx_usart.o
    0x0800711a   0x00000030   Code   RO         2460    i.USART_ITConfig    stm32f4xx_usart.o
    0x0800714a   0x00000002   PAD
    0x0800714c   0x000000ac   Code   RO         2461    i.USART_Init        stm32f4xx_usart.o
    0x080071f8   0x00000008   Code   RO         2468    i.USART_ReceiveData  stm32f4xx_usart.o
    0x08007200   0x00000034   Code   RO         4226    i.USBH_Alloc_Channel  usbh_hcs.o
    0x08007234   0x0000002e   Code   RO         4352    i.USBH_ClrFeature   usbh_stdreq.o
    0x08007262   0x0000000a   Code   RO         4112    i.USBH_Connected    usbh_core.o
    0x0800726c   0x00000022   Code   RO         4272    i.USBH_CtlReceiveData  usbh_ioreq.o
    0x0800728e   0x00000046   Code   RO         4273    i.USBH_CtlReq       usbh_ioreq.o
    0x080072d4   0x00000036   Code   RO         4274    i.USBH_CtlSendData  usbh_ioreq.o
    0x0800730a   0x00000028   Code   RO         4275    i.USBH_CtlSendSetup  usbh_ioreq.o
    0x08007332   0x00000034   Code   RO         4113    i.USBH_DeInit       usbh_core.o
    0x08007366   0x00000024   Code   RO         4114    i.USBH_Disconnected  usbh_core.o
    0x0800738a   0x0000002c   Code   RO         4115    i.USBH_ErrorHandle  usbh_core.o
    0x080073b6   0x00000018   Code   RO         4228    i.USBH_Free_Channel  usbh_hcs.o
    0x080073ce   0x00000030   Code   RO         4353    i.USBH_GetDescriptor  usbh_stdreq.o
    0x080073fe   0x0000000e   Code   RO         4354    i.USBH_GetNextDesc  usbh_stdreq.o
    0x0800740c   0x0000005c   Code   RO         4355    i.USBH_Get_CfgDesc  usbh_stdreq.o
    0x08007468   0x0000009c   Code   RO         4356    i.USBH_Get_DevDesc  usbh_stdreq.o
    0x08007504   0x00000048   Code   RO         4357    i.USBH_Get_StringDesc  usbh_stdreq.o
    0x0800754c   0x000000f0   Code   RO         4029    i.USBH_HID_ClassRequest  usbh_hid_core.o
    0x0800763c   0x000000c8   Code   RO         4030    i.USBH_HID_Handle   usbh_hid_core.o
    0x08007704   0x00000048   Code   RO         4031    i.USBH_HID_InterfaceDeInit  usbh_hid_core.o
    0x0800774c   0x000000bc   Code   RO         4032    i.USBH_HID_InterfaceInit  usbh_hid_core.o
    0x08007808   0x0000007c   Code   RO         4116    i.USBH_HID_Reconnect  usbh_core.o
    0x08007884   0x000001d0   Code   RO         4117    i.USBH_HandleControl  usbh_core.o
    0x08007a54   0x0000019c   Code   RO         4118    i.USBH_HandleEnum   usbh_core.o
    0x08007bf0   0x0000003a   Code   RO         4119    i.USBH_Init         usbh_core.o
    0x08007c2a   0x00000002   PAD
    0x08007c2c   0x00000058   Code   RO         4276    i.USBH_InterruptReceiveData  usbh_ioreq.o
    0x08007c84   0x00000032   Code   RO         4229    i.USBH_Modify_Channel  usbh_hcs.o
    0x08007cb6   0x000000c8   Code   RO         4726    i.USBH_OTG_ISR_Handler  usb_hcd_int.o
    0x08007d7e   0x00000054   Code   RO         4230    i.USBH_Open_Channel  usbh_hcs.o
    0x08007dd2   0x00000002   PAD
    0x08007dd4   0x00000124   Code   RO         4358    i.USBH_ParseCfgDesc  usbh_stdreq.o
    0x08007ef8   0x00000026   Code   RO         4359    i.USBH_ParseInterfaceDesc  usbh_stdreq.o
    0x08007f1e   0x0000000a   Code   RO         4120    i.USBH_PortDisabled  usbh_core.o
    0x08007f28   0x0000000a   Code   RO         4121    i.USBH_PortEnabled  usbh_core.o
    0x08007f32   0x00000002   PAD
    0x08007f34   0x0000020c   Code   RO         4122    i.USBH_Process      usbh_core.o
    0x08008140   0x00000004   Code   RO         4123    i.USBH_SOF          usbh_core.o
    0x08008144   0x00000018   Code   RO         4360    i.USBH_SetAddress   usbh_stdreq.o
    0x0800815c   0x00000018   Code   RO         4361    i.USBH_SetCfg       usbh_stdreq.o
    0x08008174   0x00000002   Code   RO         4912    i.USBH_USR_Configuration_DescAvailable  usbh_usr.o
    0x08008176   0x00000002   Code   RO         4913    i.USBH_USR_DeInit   usbh_usr.o
    0x08008178   0x00000002   Code   RO         4914    i.USBH_USR_DeviceAddressAssigned  usbh_usr.o
    0x0800817a   0x00000002   Code   RO         4915    i.USBH_USR_DeviceAttached  usbh_usr.o
    0x0800817c   0x00000002   Code   RO         4916    i.USBH_USR_DeviceDisconnected  usbh_usr.o
    0x0800817e   0x00000002   Code   RO         4917    i.USBH_USR_DeviceNotSupported  usbh_usr.o
    0x08008180   0x0000000c   Code   RO         4918    i.USBH_USR_DeviceSpeedDetected  usbh_usr.o
    0x0800818c   0x00000040   Code   RO         4919    i.USBH_USR_Device_DescAvailable  usbh_usr.o
    0x080081cc   0x0000000c   Code   RO         4920    i.USBH_USR_EnumerationDone  usbh_usr.o
    0x080081d8   0x00000002   Code   RO         4921    i.USBH_USR_Init     usbh_usr.o
    0x080081da   0x00000002   Code   RO         4922    i.USBH_USR_Manufacturer_String  usbh_usr.o
    0x080081dc   0x00000002   Code   RO         4923    i.USBH_USR_OverCurrentDetected  usbh_usr.o
    0x080081de   0x00000002   Code   RO         4924    i.USBH_USR_Product_String  usbh_usr.o
    0x080081e0   0x00000002   Code   RO         4925    i.USBH_USR_ResetDevice  usbh_usr.o
    0x080081e2   0x00000002   Code   RO         4926    i.USBH_USR_SerialNum_String  usbh_usr.o
    0x080081e4   0x00000002   Code   RO         4927    i.USBH_USR_UnrecoveredError  usbh_usr.o
    0x080081e6   0x00000004   Code   RO         4928    i.USBH_USR_UserInput  usbh_usr.o
    0x080081ea   0x00000002   Code   RO         4804    i.USB_OTG_BSP_ConfigVBUS  usb_bsp.o
    0x080081ec   0x00000016   Code   RO         4805    i.USB_OTG_BSP_DisableInterrupt  usb_bsp.o
    0x08008202   0x00000002   Code   RO         4806    i.USB_OTG_BSP_DriveVBUS  usb_bsp.o
    0x08008204   0x00000020   Code   RO         4807    i.USB_OTG_BSP_EnableInterrupt  usb_bsp.o
    0x08008224   0x00000054   Code   RO         4808    i.USB_OTG_BSP_Init  usb_bsp.o
    0x08008278   0x00000004   Code   RO         4809    i.USB_OTG_BSP_mDelay  usb_bsp.o
    0x0800827c   0x00000006   Code   RO         4810    i.USB_OTG_BSP_uDelay  usb_bsp.o
    0x08008282   0x00000080   Code   RO         4449    i.USB_OTG_CoreInit  usb_core.o
    0x08008302   0x000000a6   Code   RO         4450    i.USB_OTG_CoreInitHost  usb_core.o
    0x080083a8   0x00000058   Code   RO         4451    i.USB_OTG_CoreReset  usb_core.o
    0x08008400   0x00000010   Code   RO         4452    i.USB_OTG_DisableGlobalInt  usb_core.o
    0x08008410   0x0000003c   Code   RO         4453    i.USB_OTG_DriveVbus  usb_core.o
    0x0800844c   0x00000010   Code   RO         4454    i.USB_OTG_EnableGlobalInt  usb_core.o
    0x0800845c   0x0000004c   Code   RO         4455    i.USB_OTG_EnableHostInt  usb_core.o
    0x080084a8   0x0000003c   Code   RO         4456    i.USB_OTG_FlushRxFifo  usb_core.o
    0x080084e4   0x00000044   Code   RO         4457    i.USB_OTG_FlushTxFifo  usb_core.o
    0x08008528   0x0000002a   Code   RO         4459    i.USB_OTG_HC_DoPing  usb_core.o
    0x08008552   0x00000046   Code   RO         4460    i.USB_OTG_HC_Halt   usb_core.o
    0x08008598   0x000000ec   Code   RO         4461    i.USB_OTG_HC_Init   usb_core.o
    0x08008684   0x00000100   Code   RO         4462    i.USB_OTG_HC_StartXfer  usb_core.o
    0x08008784   0x0000000c   Code   RO         4463    i.USB_OTG_InitFSLSPClkSel  usb_core.o
    0x08008790   0x0000000c   Code   RO         4465    i.USB_OTG_IsEvenFrame  usb_core.o
    0x0800879c   0x0000000e   Code   RO         4466    i.USB_OTG_IsHostMode  usb_core.o
    0x080087aa   0x0000000a   Code   RO         4467    i.USB_OTG_ReadCoreItr  usb_core.o
    0x080087b4   0x0000000c   Code   RO         4468    i.USB_OTG_ReadHPRT0  usb_core.o
    0x080087c0   0x00000006   Code   RO         4469    i.USB_OTG_ReadHostAllChannels_intr  usb_core.o
    0x080087c6   0x00000020   Code   RO         4471    i.USB_OTG_ReadPacket  usb_core.o
    0x080087e6   0x0000002a   Code   RO         4472    i.USB_OTG_ResetPort  usb_core.o
    0x08008810   0x000000c0   Code   RO         4473    i.USB_OTG_SelectCore  usb_core.o
    0x080088d0   0x0000002a   Code   RO         4474    i.USB_OTG_SetCurrentMode  usb_core.o
    0x080088fa   0x00000042   Code   RO         4475    i.USB_OTG_StopHost  usb_core.o
    0x0800893c   0x0000002c   Code   RO         4727    i.USB_OTG_USBH_handle_Disconnect_ISR  usb_hcd_int.o
    0x08008968   0x00000046   Code   RO         4728    i.USB_OTG_USBH_handle_IncompletePeriodicXfer_ISR  usb_hcd_int.o
    0x080089ae   0x00000056   Code   RO         4729    i.USB_OTG_USBH_handle_hc_ISR  usb_hcd_int.o
    0x08008a04   0x0000041e   Code   RO         4730    i.USB_OTG_USBH_handle_hc_n_In_ISR  usb_hcd_int.o
    0x08008e22   0x000003b8   Code   RO         4731    i.USB_OTG_USBH_handle_hc_n_Out_ISR  usb_hcd_int.o
    0x080091da   0x00000136   Code   RO         4732    i.USB_OTG_USBH_handle_nptxfempty_ISR  usb_hcd_int.o
    0x08009310   0x0000013c   Code   RO         4733    i.USB_OTG_USBH_handle_port_ISR  usb_hcd_int.o
    0x0800944c   0x00000136   Code   RO         4734    i.USB_OTG_USBH_handle_ptxfempty_ISR  usb_hcd_int.o
    0x08009582   0x00000164   Code   RO         4735    i.USB_OTG_USBH_handle_rx_qlvl_ISR  usb_hcd_int.o
    0x080096e6   0x00000002   PAD
    0x080096e8   0x0000002c   Code   RO         4736    i.USB_OTG_USBH_handle_sof_ISR  usb_hcd_int.o
    0x08009714   0x0000002a   Code   RO         4476    i.USB_OTG_WritePacket  usb_core.o
    0x0800973e   0x00000002   PAD
    0x08009740   0x0000008c   Code   RO         5565    i.USB_PS2_DataKey   pstwo.o
    0x080097cc   0x0000015c   Code   RO         5566    i.USB_PS2_Read      pstwo.o
    0x08009928   0x00000002   Code   RO         6118    i.UsageFault_Handler  stm32f4xx_it.o
    0x0800992a   0x00000002   PAD
    0x0800992c   0x00000040   Code   RO         3867    i.V1_0_LED_Init     LED.o
    0x0800996c   0x00000040   Code   RO         3868    i.V1_1_LED_Init     LED.o
    0x080099ac   0x00000098   Code   RO          691    i.VolMean_Filter    show.o
    0x08009a44   0x000000ac   Code   RO         5746    i.Vz_to_Akm_Angle   usartx.o
    0x08009af0   0x00000054   Code   RO         5747    i.XYZ_Target_Speed_transition  usartx.o
    0x08009b44   0x00000068   Code   RO         5748    i._System_Reset_    usartx.o
    0x08009bac   0x00000030   Code   RO         6461    i.__ARM_fpclassify  m_wm.l(fpclassify.o)
    0x08009bdc   0x00000004   PAD
    0x08009be0   0x000002d8   Code   RO         6288    i.__hardfp_atan     m_wm.l(atan.o)
    0x08009eb8   0x00000c50   Code   RO         6302    i.__hardfp_pow      m_wm.l(pow.o)
    0x0800ab08   0x0000007a   Code   RO         6316    i.__hardfp_sqrt     m_wm.l(sqrt.o)
    0x0800ab82   0x00000006   PAD
    0x0800ab88   0x00000080   Code   RO         6328    i.__hardfp_tan      m_wm.l(tan.o)
    0x0800ac08   0x00000438   Code   RO         6466    i.__ieee754_rem_pio2  m_wm.l(rred.o)
    0x0800b040   0x000000f8   Code   RO         6463    i.__kernel_poly     m_wm.l(poly.o)
    0x0800b138   0x00000350   Code   RO         6471    i.__kernel_tan      m_wm.l(tan_i.o)
    0x0800b488   0x00000030   Code   RO         6441    i.__mathlib_dbl_divzero  m_wm.l(dunder.o)
    0x0800b4b8   0x00000014   Code   RO         6442    i.__mathlib_dbl_infnan  m_wm.l(dunder.o)
    0x0800b4cc   0x00000014   Code   RO         6443    i.__mathlib_dbl_infnan2  m_wm.l(dunder.o)
    0x0800b4e0   0x00000020   Code   RO         6444    i.__mathlib_dbl_invalid  m_wm.l(dunder.o)
    0x0800b500   0x00000020   Code   RO         6445    i.__mathlib_dbl_overflow  m_wm.l(dunder.o)
    0x0800b520   0x00000020   Code   RO         6447    i.__mathlib_dbl_underflow  m_wm.l(dunder.o)
    0x0800b540   0x0000000e   Code   RO         6231    i._is_digit         c_w.l(__printf_wp.o)
    0x0800b54e   0x00000002   Code   RO         6027    i._sys_exit         usart.o
    0x0800b550   0x00000158   Code   RO          369    i.auto_pwm_clear    balance.o
    0x0800b6a8   0x00000030   Code   RO         5749    i.data_task         usartx.o
    0x0800b6d8   0x000002f8   Code   RO         5750    i.data_transition   usartx.o
    0x0800b9d0   0x00000038   Code   RO         5930    i.delay_init        delay.o
    0x0800ba08   0x00000038   Code   RO         5931    i.delay_ms          delay.o
    0x0800ba40   0x00000034   Code   RO         5932    i.delay_us          delay.o
    0x0800ba74   0x00000018   Code   RO         6457    i.fabs              m_wm.l(fabs.o)
    0x0800ba8c   0x00000010   Code   RO          370    i.float_abs         balance.o
    0x0800ba9c   0x00000018   Code   RO         6029    i.fputc             usart.o
    0x0800bab4   0x0000001c   Code   RO         5934    i.getSysTickCnt     delay.o
    0x0800bad0   0x000001b0   Code   RO          371    i.init              balance.o
    0x0800bc80   0x00000008   Code   RO          372    i.int_abs           balance.o
    0x0800bc88   0x00000018   Code   RO         3785    i.invMSInit         ICM20948.o
    0x0800bca0   0x000000b0   Code   RO         3786    i.invmsICM20948AccelRead  ICM20948.o
    0x0800bd50   0x00000030   Code   RO         3787    i.invmsICM20948CalAvgValue  ICM20948.o
    0x0800bd80   0x000000cc   Code   RO         3788    i.invmsICM20948GyroRead  ICM20948.o
    0x0800be4c   0x000000d8   Code   RO         3789    i.invmsICM20948Init  ICM20948.o
    0x0800bf24   0x000000ac   Code   RO         3790    i.invmsICM20948ReadSecondary  ICM20948.o
    0x0800bfd0   0x00000096   Code   RO         3791    i.invmsICM20948WriteSecondary  ICM20948.o
    0x0800c066   0x00000002   PAD
    0x0800c068   0x00000044   Code   RO         3869    i.led_task          LED.o
    0x0800c0ac   0x00000038   Code   RO         6084    i.main              main.o
    0x0800c0e4   0x00000010   Code   RO         5407    i.oled_pow          oled.o
    0x0800c0f4   0x000014fc   Code   RO          692    i.oled_show         show.o
    0x0800d5f0   0x000000e0   Code   RO         5408    i.oled_showfloat    oled.o
    0x0800d6d0   0x00000070   Code   RO         3200    i.prvAddCurrentTaskToDelayedList  tasks.o
    0x0800d740   0x000000d0   Code   RO         3201    i.prvAddNewTaskToReadyList  tasks.o
    0x0800d810   0x00000050   Code   RO         3553    i.prvCheckForValidListAndQueue  timers.o
    0x0800d860   0x00000054   Code   RO         3202    i.prvCheckTasksWaitingTermination  tasks.o
    0x0800d8b4   0x00000026   Code   RO         2977    i.prvCopyDataFromQueue  queue.o
    0x0800d8da   0x0000006c   Code   RO         2978    i.prvCopyDataToQueue  queue.o
    0x0800d946   0x00000014   Code   RO         3203    i.prvDeleteTCB      tasks.o
    0x0800d95a   0x00000002   PAD
    0x0800d95c   0x0000004c   Code   RO         2834    i.prvHeapInit       heap_4.o
    0x0800d9a8   0x00000028   Code   RO         3204    i.prvIdleTask       tasks.o
    0x0800d9d0   0x000000c4   Code   RO         3205    i.prvInitialiseNewTask  tasks.o
    0x0800da94   0x0000004c   Code   RO         2835    i.prvInsertBlockIntoFreeList  heap_4.o
    0x0800dae0   0x00000038   Code   RO         3554    i.prvInsertTimerInActiveList  timers.o
    0x0800db18   0x0000001a   Code   RO         2979    i.prvIsQueueEmpty   queue.o
    0x0800db32   0x00000002   PAD
    0x0800db34   0x00000094   Code   RO         2980    i.prvNotifyQueueSetContainer  queue.o
    0x0800dbc8   0x00000060   Code   RO         3555    i.prvProcessExpiredTimer  timers.o
    0x0800dc28   0x000000f0   Code   RO         3556    i.prvProcessReceivedCommands  timers.o
    0x0800dd18   0x0000006c   Code   RO         3557    i.prvProcessTimerOrBlockTask  timers.o
    0x0800dd84   0x00000020   Code   RO         3207    i.prvResetNextTaskUnblockTime  tasks.o
    0x0800dda4   0x00000028   Code   RO         3558    i.prvSampleTimeNow  timers.o
    0x0800ddcc   0x0000006c   Code   RO         3559    i.prvSwitchTimerLists  timers.o
    0x0800de38   0x00000064   Code   RO         2892    i.prvTaskExitError  port.o
    0x0800de9c   0x00000028   Code   RO         3560    i.prvTimerTask      timers.o
    0x0800dec4   0x00000078   Code   RO         2981    i.prvUnlockQueue    queue.o
    0x0800df3c   0x00000014   Code   RO         4868    i.ps2_set_bit       usbh_hid_joy.o
    0x0800df50   0x0000002c   Code   RO         5567    i.pstwo_task        pstwo.o
    0x0800df7c   0x00000114   Code   RO         2836    i.pvPortMalloc      heap_4.o
    0x0800e090   0x00000018   Code   RO         3209    i.pvTaskIncrementMutexHeldCount  tasks.o
    0x0800e0a8   0x0000002c   Code   RO         2893    i.pxPortInitialiseStack  port.o
    0x0800e0d4   0x00000164   Code   RO          693    i.show_task         show.o
    0x0800e238   0x0000006e   Code   RO         6318    i.sqrt              m_wm.l(sqrt.o)
    0x0800e2a6   0x00000002   PAD
    0x0800e2a8   0x0000010c   Code   RO         6085    i.start_task        main.o
    0x0800e3b4   0x0000014c   Code   RO          739    i.systemInit        system.o
    0x0800e500   0x00000020   Code   RO          375    i.target_limit_float  balance.o
    0x0800e520   0x00000010   Code   RO          376    i.target_limit_int  balance.o
    0x0800e530   0x000000ac   Code   RO         5751    i.uart1_init        usartx.o
    0x0800e5dc   0x000000a8   Code   RO         5752    i.uart2_init        usartx.o
    0x0800e684   0x000000b0   Code   RO         5753    i.uart3_init        usartx.o
    0x0800e734   0x000000dc   Code   RO         5754    i.uart5_init        usartx.o
    0x0800e810   0x00000010   Code   RO         5755    i.usart1_send       usartx.o
    0x0800e820   0x00000014   Code   RO         5757    i.usart3_send       usartx.o
    0x0800e834   0x00000024   Code   RO         2790    i.uxListRemove      list.o
    0x0800e858   0x00000016   Code   RO         2791    i.vListInitialise   list.o
    0x0800e86e   0x00000006   Code   RO         2792    i.vListInitialiseItem  list.o
    0x0800e874   0x00000030   Code   RO         2793    i.vListInsert       list.o
    0x0800e8a4   0x00000018   Code   RO         2794    i.vListInsertEnd    list.o
    0x0800e8bc   0x00000078   Code   RO         2895    i.vPortEnterCritical  port.o
    0x0800e934   0x00000064   Code   RO         2896    i.vPortExitCritical  port.o
    0x0800e998   0x0000009c   Code   RO         2837    i.vPortFree         heap_4.o
    0x0800ea34   0x00000020   Code   RO         2897    i.vPortSetupTimerInterrupt  port.o
    0x0800ea54   0x0000008c   Code   RO         2898    i.vPortValidateInterruptPriority  port.o
    0x0800eae0   0x00000024   Code   RO         2987    i.vQueueAddToRegistry  queue.o
    0x0800eb04   0x00000044   Code   RO         2991    i.vQueueWaitForMessageRestricted  queue.o
    0x0800eb48   0x00000070   Code   RO         3217    i.vTaskDelay        tasks.o
    0x0800ebb8   0x000000b0   Code   RO         3218    i.vTaskDelayUntil   tasks.o
    0x0800ec68   0x000000d0   Code   RO         3219    i.vTaskDelete       tasks.o
    0x0800ed38   0x0000000c   Code   RO         3223    i.vTaskMissedYield  tasks.o
    0x0800ed44   0x00000058   Code   RO         3225    i.vTaskPlaceOnEventList  tasks.o
    0x0800ed9c   0x00000060   Code   RO         3226    i.vTaskPlaceOnEventListRestricted  tasks.o
    0x0800edfc   0x00000084   Code   RO         3228    i.vTaskPriorityInherit  tasks.o
    0x0800ee80   0x0000004c   Code   RO         3232    i.vTaskSetTimeOutState  tasks.o
    0x0800eecc   0x00000098   Code   RO         3233    i.vTaskStartScheduler  tasks.o
    0x0800ef64   0x00000010   Code   RO         3235    i.vTaskSuspendAll   tasks.o
    0x0800ef74   0x00000080   Code   RO         3236    i.vTaskSwitchContext  tasks.o
    0x0800eff4   0x00000114   Code   RO         2899    i.xPortStartScheduler  port.o
    0x0800f108   0x0000002c   Code   RO         2900    i.xPortSysTickHandler  port.o
    0x0800f134   0x0000007c   Code   RO         2996    i.xQueueGenericCreate  queue.o
    0x0800f1b0   0x00000188   Code   RO         2997    i.xQueueGenericReceive  queue.o
    0x0800f338   0x000000ac   Code   RO         2998    i.xQueueGenericReset  queue.o
    0x0800f3e4   0x0000018c   Code   RO         2999    i.xQueueGenericSend  queue.o
    0x0800f570   0x000000e4   Code   RO         3000    i.xQueueGenericSendFromISR  queue.o
    0x0800f654   0x0000008c   Code   RO         3237    i.xTaskCheckForTimeOut  tasks.o
    0x0800f6e0   0x00000056   Code   RO         3238    i.xTaskCreate       tasks.o
    0x0800f736   0x00000002   PAD
    0x0800f738   0x0000001c   Code   RO         3242    i.xTaskGetSchedulerState  tasks.o
    0x0800f754   0x0000000c   Code   RO         3243    i.xTaskGetTickCount  tasks.o
    0x0800f760   0x000000ec   Code   RO         3245    i.xTaskIncrementTick  tasks.o
    0x0800f84c   0x000000b8   Code   RO         3248    i.xTaskPriorityDisinherit  tasks.o
    0x0800f904   0x0000009c   Code   RO         3249    i.xTaskRemoveFromEventList  tasks.o
    0x0800f9a0   0x000000e8   Code   RO         3251    i.xTaskResumeAll    tasks.o
    0x0800fa88   0x00000074   Code   RO         3563    i.xTimerCreate      timers.o
    0x0800fafc   0x00000074   Code   RO         3564    i.xTimerCreateTimerTask  timers.o
    0x0800fb70   0x00000090   Code   RO         3565    i.xTimerGenericCommand  timers.o
    0x0800fc00   0x00000018   Code   RO         6414    x$fpl$basic         fz_wm.l(basic.o)
    0x0800fc18   0x00000062   Code   RO         6262    x$fpl$d2f           fz_wm.l(d2f.o)
    0x0800fc7a   0x00000002   PAD
    0x0800fc7c   0x00000150   Code   RO         6264    x$fpl$dadd          fz_wm.l(daddsub_clz.o)
    0x0800fdcc   0x00000010   Code   RO         6514    x$fpl$dcheck1       fz_wm.l(dcheck1.o)
    0x0800fddc   0x00000018   Code   RO         6516    x$fpl$dcmpinf       fz_wm.l(dcmpi.o)
    0x0800fdf4   0x000002b0   Code   RO         6271    x$fpl$ddiv          fz_wm.l(ddiv.o)
    0x080100a4   0x0000005e   Code   RO         6274    x$fpl$dfix          fz_wm.l(dfix.o)
    0x08010102   0x0000002e   Code   RO         6279    x$fpl$dflt          fz_wm.l(dflt_clz.o)
    0x08010130   0x00000026   Code   RO         6278    x$fpl$dfltu         fz_wm.l(dflt_clz.o)
    0x08010156   0x00000002   PAD
    0x08010158   0x00000078   Code   RO         6416    x$fpl$dleqf         fz_wm.l(dleqf.o)
    0x080101d0   0x00000154   Code   RO         6284    x$fpl$dmul          fz_wm.l(dmul.o)
    0x08010324   0x0000009c   Code   RO         6418    x$fpl$dnaninf       fz_wm.l(dnaninf.o)
    0x080103c0   0x0000000c   Code   RO         6420    x$fpl$dretinf       fz_wm.l(dretinf.o)
    0x080103cc   0x0000006c   Code   RO         6422    x$fpl$drleqf        fz_wm.l(drleqf.o)
    0x08010438   0x00000016   Code   RO         6265    x$fpl$drsb          fz_wm.l(daddsub_clz.o)
    0x0801044e   0x00000002   PAD
    0x08010450   0x00000198   Code   RO         6424    x$fpl$dsqrt         fz_wm.l(dsqrt_umaal.o)
    0x080105e8   0x000001d4   Code   RO         6266    x$fpl$dsub          fz_wm.l(daddsub_clz.o)
    0x080107bc   0x00000056   Code   RO         6286    x$fpl$f2d           fz_wm.l(f2d.o)
    0x08010812   0x0000008c   Code   RO         6426    x$fpl$fnaninf       fz_wm.l(fnaninf.o)
    0x0801089e   0x0000000a   Code   RO         6635    x$fpl$fpinit        fz_wm.l(fpinit.o)
    0x080108a8   0x0000000a   Code   RO         6428    x$fpl$fretinf       fz_wm.l(fretinf.o)
    0x080108b2   0x00000064   Code   RO         6570    x$fpl$retnan        fz_wm.l(retnan.o)
    0x08010916   0x0000005c   Code   RO         6438    x$fpl$scalbn        fz_wm.l(scalbn.o)
    0x08010972   0x00000030   Code   RO         6624    x$fpl$trapveneer    fz_wm.l(trapv.o)
    0x080109a2   0x00000000   Code   RO         6440    x$fpl$usenofp       fz_wm.l(usenofp.o)
    0x080109a2   0x00001a24   Data   RO         5410    .constdata          oled.o
    0x080123c6   0x00000200   Data   RO         5412    .constdata          oled.o
    0x080125c6   0x00000011   Data   RO         6239    .constdata          c_w.l(__printf_flags_ss_wp.o)
    0x080125d7   0x00000001   PAD
    0x080125d8   0x00000098   Data   RO         6291    .constdata          m_wm.l(atan.o)
    0x08012670   0x00000088   Data   RO         6305    .constdata          m_wm.l(pow.o)
    0x080126f8   0x00000008   Data   RO         6465    .constdata          m_wm.l(qnan.o)
    0x08012700   0x000000c8   Data   RO         6468    .constdata          m_wm.l(rred.o)
    0x080127c8   0x00000060   Data   RO         6472    .constdata          m_wm.l(tan_i.o)
    0x08012828   0x00000059   Data   RO         5761    .conststring        usartx.o
    0x08012881   0x00000003   PAD
    0x08012884   0x00000020   Data   RO         6699    Region$$Table       anon$$obj.o


    Execution Region RW_IRAM1 (Base: 0x20000000, Size: 0x000073a8, Max: 0x00020000, ABSOLUTE, COMPRESSED[0x0000016c])

    Base Addr    Size         Type   Attr      Idx    E Section Name        Object

    0x20000000   0x00000001   Data   RW            4    .data               AutoRecharge.o
    0x20000001   0x00000001   Data   RW            5    .data               AutoRecharge.o
    0x20000002   0x00000002   PAD
    0x20000004   0x00000004   Data   RW            6    .data               AutoRecharge.o
    0x20000008   0x0000000c   Data   RW            7    .data               AutoRecharge.o
    0x20000014   0x00000001   Data   RW            8    .data               AutoRecharge.o
    0x20000015   0x00000001   Data   RW            9    .data               AutoRecharge.o
    0x20000016   0x00000002   PAD
    0x20000018   0x00000004   Data   RW           10    .data               AutoRecharge.o
    0x2000001c   0x00000004   Data   RW           11    .data               AutoRecharge.o
    0x20000020   0x00000004   Data   RW           12    .data               AutoRecharge.o
    0x20000024   0x00000004   Data   RW           13    .data               AutoRecharge.o
    0x20000028   0x00000004   Data   RW           14    .data               AutoRecharge.o
    0x2000002c   0x00000004   Data   RW           15    .data               AutoRecharge.o
    0x20000030   0x00000001   Data   RW           16    .data               AutoRecharge.o
    0x20000031   0x00000001   Data   RW           17    .data               AutoRecharge.o
    0x20000032   0x00000001   Data   RW           18    .data               AutoRecharge.o
    0x20000033   0x00000001   Data   RW           19    .data               AutoRecharge.o
    0x20000034   0x0000032c   Data   RW          379    .data               balance.o
    0x20000360   0x00000001   Data   RW          383    .data               balance.o
    0x20000361   0x00000003   PAD
    0x20000364   0x0000001c   Data   RW          695    .data               show.o
    0x20000380   0x00000001   Data   RW          749    .data               system.o
    0x20000381   0x00000001   Data   RW          750    .data               system.o
    0x20000382   0x00000002   PAD
    0x20000384   0x00000004   Data   RW          751    .data               system.o
    0x20000388   0x00000004   Data   RW          752    .data               system.o
    0x2000038c   0x00000004   Data   RW          753    .data               system.o
    0x20000390   0x00000001   Data   RW          754    .data               system.o
    0x20000391   0x00000001   Data   RW          755    .data               system.o
    0x20000392   0x00000001   Data   RW          756    .data               system.o
    0x20000393   0x00000001   Data   RW          757    .data               system.o
    0x20000394   0x00000001   Data   RW          758    .data               system.o
    0x20000395   0x00000003   PAD
    0x20000398   0x00000004   Data   RW          759    .data               system.o
    0x2000039c   0x00000004   Data   RW          763    .data               system.o
    0x200003a0   0x00000004   Data   RW          764    .data               system.o
    0x200003a4   0x00000001   Data   RW          766    .data               system.o
    0x200003a5   0x00000001   Data   RW          767    .data               system.o
    0x200003a6   0x00000001   Data   RW          768    .data               system.o
    0x200003a7   0x00000001   PAD
    0x200003a8   0x00000004   Data   RW          770    .data               system.o
    0x200003ac   0x00000004   Data   RW          771    .data               system.o
    0x200003b0   0x00000018   Data   RW          772    .data               system.o
    0x200003c8   0x00000001   Data   RW          773    .data               system.o
    0x200003c9   0x00000001   Data   RW          774    .data               system.o
    0x200003ca   0x00000002   PAD
    0x200003cc   0x00000004   Data   RW          776    .data               system.o
    0x200003d0   0x00000004   Data   RW          777    .data               system.o
    0x200003d4   0x00000004   Data   RW          778    .data               system.o
    0x200003d8   0x00000004   Data   RW          779    .data               system.o
    0x200003dc   0x00000004   Data   RW          780    .data               system.o
    0x200003e0   0x00000004   Data   RW          781    .data               system.o
    0x200003e4   0x00000004   Data   RW          782    .data               system.o
    0x200003e8   0x00000004   Data   RW          783    .data               system.o
    0x200003ec   0x00000004   Data   RW          784    .data               system.o
    0x200003f0   0x00000004   Data   RW          785    .data               system.o
    0x200003f4   0x00000004   Data   RW          786    .data               system.o
    0x200003f8   0x00000001   Data   RW          787    .data               system.o
    0x200003f9   0x00000001   Data   RW          788    .data               system.o
    0x200003fa   0x00000001   Data   RW          789    .data               system.o
    0x200003fb   0x00000001   Data   RW          790    .data               system.o
    0x200003fc   0x00000001   Data   RW          791    .data               system.o
    0x200003fd   0x00000001   Data   RW          792    .data               system.o
    0x200003fe   0x00000002   PAD
    0x20000400   0x00000004   Data   RW          793    .data               system.o
    0x20000404   0x00000004   Data   RW          794    .data               system.o
    0x20000408   0x00000004   Data   RW          795    .data               system.o
    0x2000040c   0x00000004   Data   RW          796    .data               system.o
    0x20000410   0x00000004   Data   RW          797    .data               system.o
    0x20000414   0x00000004   Data   RW          798    .data               system.o
    0x20000418   0x00000001   Data   RW          799    .data               system.o
    0x20000419   0x00000010   Data   RW         1566    .data               stm32f4xx_rcc.o
    0x20000429   0x00000003   PAD
    0x2000042c   0x00000018   Data   RW         2842    .data               heap_4.o
    0x20000444   0x0000000c   Data   RW         2901    .data               port.o
    0x20000450   0x0000003c   Data   RW         3254    .data               tasks.o
    0x2000048c   0x00000014   Data   RW         3573    .data               timers.o
    0x200004a0   0x0000000e   Data   RW         3793    .data               ICM20948.o
    0x200004ae   0x00000002   PAD
    0x200004b0   0x00000008   Data   RW         3870    .data               LED.o
    0x200004b8   0x00000004   Data   RW         3936    .data               MPU6050.o
    0x200004bc   0x00000001   Data   RW         4036    .data               usbh_hid_core.o
    0x200004bd   0x00000003   PAD
    0x200004c0   0x00000010   Data   RW         4037    .data               usbh_hid_core.o
    0x200004d0   0x00000014   Data   RW         4126    .data               usbh_core.o
    0x200004e4   0x00000004   Data   RW         4127    .data               usbh_core.o
    0x200004e8   0x00000006   Data   RW         4129    .data               usbh_core.o
    0x200004ee   0x00000004   Data   RW         4365    .data               usbh_stdreq.o
    0x200004f2   0x00000008   Data   RW         4869    .data               usbh_hid_joy.o
    0x200004fa   0x00000002   PAD
    0x200004fc   0x00000008   Data   RW         4870    .data               usbh_hid_joy.o
    0x20000504   0x00000001   Data   RW         4929    .data               usbh_usr.o
    0x20000505   0x00000001   PAD
    0x20000506   0x00000002   Data   RW         4930    .data               usbh_usr.o
    0x20000508   0x00000048   Data   RW         4931    .data               usbh_usr.o
    0x20000550   0x00000004   Data   RW         5066    .data               adc.o
    0x20000554   0x00000004   Data   RW         5068    .data               adc.o
    0x20000558   0x0000001e   Data   RW         5286    .data               key.o
    0x20000576   0x00000002   PAD
    0x20000578   0x00000030   Data   RW         5569    .data               pstwo.o
    0x200005a8   0x00000048   Data   RW         5688    .data               timer.o
    0x200005f0   0x0000003c   Data   RW         5762    .data               usartx.o
    0x2000062c   0x00000008   Data   RW         5935    .data               delay.o
    0x20000634   0x00000004   Data   RW         6034    .data               usart.o
    0x20000638   0x00000004   Data   RW         6086    .data               main.o
    0x2000063c   0x00000014   Data   RW         6169    .data               system_stm32f4xx.o
    0x20000650   0x00000310   Zero   RW          377    .bss                balance.o
    0x20000960   0x00000024   Zero   RW          622    .bss                imu_task.o
    0x20000984   0x00000018   Zero   RW          663    .bss                robot_select_init.o
    0x2000099c   0x00000190   Zero   RW          694    .bss                show.o
    0x20000b2c   0x00000018   Zero   RW          740    .bss                system.o
    0x20000b44   0x0000000c   Zero   RW          741    .bss                system.o
    0x20000b50   0x00000014   Zero   RW          742    .bss                system.o
    0x20000b64   0x00000014   Zero   RW          743    .bss                system.o
    0x20000b78   0x00000014   Zero   RW          744    .bss                system.o
    0x20000b8c   0x00000014   Zero   RW          745    .bss                system.o
    0x20000ba0   0x00000640   Zero   RW          746    .bss                system.o
    0x200011e0   0x00000032   Zero   RW          747    .bss                system.o
    0x20001212   0x00005000   Zero   RW         2841    .bss                heap_4.o
    0x20006212   0x00000002   PAD
    0x20006214   0x00000040   Zero   RW         3011    .bss                queue.o
    0x20006254   0x000002e4   Zero   RW         3253    .bss                tasks.o
    0x20006538   0x00000028   Zero   RW         3572    .bss                timers.o
    0x20006560   0x0000006c   Zero   RW         3792    .bss                ICM20948.o
    0x200065cc   0x0000005e   Zero   RW         4034    .bss                usbh_hid_core.o
    0x2000662a   0x00000200   Zero   RW         4364    .bss                usbh_stdreq.o
    0x2000682a   0x00000002   PAD
    0x2000682c   0x0000040c   Zero   RW         5409    .bss                oled.o
    0x20006c38   0x00000009   Zero   RW         5568    .bss                pstwo.o
    0x20006c41   0x00000003   PAD
    0x20006c44   0x00000104   Zero   RW         5759    .bss                usartx.o
    0x20006d48   0x00000060   Zero   RW         6519    .bss                c_w.l(libspace.o)
    0x20006da8   0x00000200   Zero   RW          836    HEAP                startup_stm32f40_41xxx.o
    0x20006fa8   0x00000400   Zero   RW          835    STACK               startup_stm32f40_41xxx.o


==============================================================================

Image component sizes


      Code (inc. data)   RO Data    RW Data    ZI Data      Debug   Object Name

       124          8          0         48          0     338243   AutoRecharge.o
       818         74          0          0          0       6797   I2C.o
      1182         52          0         14        108      11680   ICM20948.o
       300         40          0          8          0       3329   LED.o
       574         30          0          4          0       5214   MPU6050.o
       502         60          0          8          0       3981   adc.o
     11078        964          0        813        784      33336   balance.o
      1168        146          0          0          0       5412   can.o
       212         18          0          8          0       3149   delay.o
       968         76          0          0          0       5999   encoder.o
         0          0          0          0          0       9344   event_groups.o
       584        138          0         24      20480       4095   heap_4.o
       158         16          0          0         36       2812   imu_task.o
       308         28          0         30          0       3985   key.o
       136          0          0          0          0       3170   list.o
       324        134          0          4          0       1288   main.o
       144         14          0          0          0       2089   misc.o
       808         44          0          0          0       3707   motor.o
      1862         70       7204          0       1036      16370   oled.o
      1038        382          0         12          0      10869   port.o
      1602        214          0         48          9       9575   pstwo.o
      1856        260          0          0         64      13357   queue.o
       588        168          0          0         24       1961   robot_select_init.o
      6192       1428          0         28        400       6654   show.o
        64         26        392          0       1536        832   startup_stm32f40_41xxx.o
       286         20          0          0          0       5586   stm32f4xx_adc.o
       166          0          0          0          0       2906   stm32f4xx_gpio.o
        12          0          0          0          0       2677   stm32f4xx_it.o
        12          6          0          0          0        526   stm32f4xx_pwr.o
       292         48          0         16          0       6429   stm32f4xx_rcc.o
      1274         60          0          0          0      23912   stm32f4xx_tim.o
       310          8          0          0          0       4418   stm32f4xx_usart.o
        18          0          0          0          0       3086   sys.o
       368         52          0        143       1766      34949   system.o
       272         36          0         20          0       1757   system_stm32f4xx.o
      2986        770          0         60        740      30585   tasks.o
      1048         56          0         72          0       4575   timer.o
      1144        260          0         20         40       9934   timers.o
        26          6          0          4          0       3562   usart.o
      4084        544         89         60        260      19197   usartx.o
       152          6          0          0          0       4247   usb_bsp.o
      1764         28          0          0          0      19824   usb_core.o
       156          0          0          0          0       5394   usb_hcd.o
      3742         16          0          0          0      11035   usb_hcd_int.o
      1748         88          0         30          0      12665   usbh_core.o
       210          0          0          0          0       3635   usbh_hcs.o
       700         42          0         17         94      35016   usbh_hid_core.o
      1020         14          0         16          0       4505   usbh_hid_joy.o
       286          4          0          0          0       4659   usbh_ioreq.o
       806          8          0          4        512       9705   usbh_stdreq.o
       178         26          0         75          0      12414   usbh_usr.o

    ----------------------------------------------------------------------
     55706       6488       7720       1616      27896     784446   Object Totals
         0          0         32          0          0          0   (incl. Generated)
        56          0          3         30          7          0   (incl. Padding)

    ----------------------------------------------------------------------

      Code (inc. data)   RO Data    RW Data    ZI Data      Debug   Library Member Name

        24          4          0          0          0         84   __2printf.o
        90          0          0          0          0          0   __dczerorl2.o
         8          0          0          0          0         68   __main.o
       392          4         17          0          0         92   __printf_flags_ss_wp.o
        14          0          0          0          0         68   __printf_wp.o
         0          0          0          0          0          0   __rtentry.o
        12          0          0          0          0          0   __rtentry2.o
         6          0          0          0          0          0   __rtentry4.o
        52          8          0          0          0          0   __scatter.o
        28          0          0          0          0          0   __scatter_zi.o
        44          0          0          0          0        108   _printf_char.o
        48          6          0          0          0         96   _printf_char_common.o
        36          4          0          0          0         80   _printf_char_file.o
         6          0          0          0          0          0   _printf_d.o
       120         16          0          0          0         92   _printf_dec.o
       178          0          0          0          0         88   _printf_intcommon.o
         0          0          0          0          0          0   _printf_percent.o
         4          0          0          0          0          0   _printf_percent_end.o
         6          0          0          0          0          0   _printf_s.o
        82          0          0          0          0         80   _printf_str.o
        22          0          0          0          0        100   _rserrno.o
        16          0          0          0          0         68   aeabi_memset.o
        18          0          0          0          0         80   exit.o
         8          0          0          0          0         68   ferror.o
         6          0          0          0          0        152   heapauxi.o
         2          0          0          0          0          0   libinit.o
         6          0          0          0          0          0   libinit2.o
         2          0          0          0          0          0   libshutdown.o
         2          0          0          0          0          0   libshutdown2.o
         8          4          0          0         96         68   libspace.o
         8          4          0          0          0         68   rt_errno_addr_intlibspace.o
        68          0          0          0          0         68   rt_memclr.o
        78          0          0          0          0         80   rt_memclr_w.o
       138          0          0          0          0         68   rt_memcpy_v6.o
       100          0          0          0          0         80   rt_memcpy_w.o
         2          0          0          0          0          0   rtexit.o
        10          0          0          0          0          0   rtexit2.o
        74          0          0          0          0         80   sys_stackheap_outer.o
         2          0          0          0          0         68   use_no_semi.o
         2          0          0          0          0         68   use_no_semi_2.o
        24          0          0          0          0        164   basic.o
        98          4          0          0          0        140   d2f.o
       826         16          0          0          0        492   daddsub_clz.o
        16          4          0          0          0        116   dcheck1.o
        24          0          0          0          0        116   dcmpi.o
       688        140          0          0          0        256   ddiv.o
        94          4          0          0          0        140   dfix.o
        84          0          0          0          0        232   dflt_clz.o
       120          4          0          0          0        140   dleqf.o
       340         12          0          0          0        152   dmul.o
       156          4          0          0          0        140   dnaninf.o
        12          0          0          0          0        116   dretinf.o
       108          0          0          0          0        128   drleqf.o
       408         56          0          0          0        168   dsqrt_umaal.o
        86          4          0          0          0        132   f2d.o
       140          4          0          0          0        132   fnaninf.o
        10          0          0          0          0        116   fpinit.o
        10          0          0          0          0        116   fretinf.o
       100          0          0          0          0        116   retnan.o
        92          0          0          0          0        116   scalbn.o
        48          0          0          0          0        116   trapv.o
         0          0          0          0          0          0   usenofp.o
       728        106        152          0          0        228   atan.o
       184         44          0          0          0        744   dunder.o
        24          0          0          0          0        124   fabs.o
        48          0          0          0          0        124   fpclassify.o
       248          0          0          0          0        152   poly.o
      3152        296        136          0          0        352   pow.o
         0          0          8          0          0          0   qnan.o
      1080        142        200          0          0        188   rred.o
       232          0          0          0          0        296   sqrt.o
       128         20          0          0          0        144   tan.o
       848         84         96          0          0        196   tan_i.o

    ----------------------------------------------------------------------
     11904        994        610          0         96       7864   Library Totals
        26          0          1          0          0          0   (incl. Padding)

    ----------------------------------------------------------------------

      Code (inc. data)   RO Data    RW Data    ZI Data      Debug   Library Name

      1722         50         17          0         96       1972   c_w.l
      3484        252          0          0          0       3344   fz_wm.l
      6672        692        592          0          0       2548   m_wm.l

    ----------------------------------------------------------------------
     11904        994        610          0         96       7864   Library Totals

    ----------------------------------------------------------------------

==============================================================================


      Code (inc. data)   RO Data    RW Data    ZI Data      Debug   

     67610       7482       8330       1616      27992     747270   Grand Totals
     67610       7482       8330        364      27992     747270   ELF Image Totals (compressed)
     67610       7482       8330        364          0          0   ROM Totals

==============================================================================

    Total RO  Size (Code + RO Data)                75940 (  74.16kB)
    Total RW  Size (RW Data + ZI Data)             29608 (  28.91kB)
    Total ROM Size (Code + RO Data + RW Data)      76304 (  74.52kB)

==============================================================================

